2025-12-15 17:08:46,871 - lddecode - DEBUG - VBI EQ serration pulses search failed (using fallback logic)
2025-12-15 17:08:47,145 - lddecode - DEBUG - VBI serration levels 3 - Sync tip: 3819.05 kHz, Blanking (ire0): 4123.07 kHz
2025-12-15 17:08:47,269 - lddecode - DEBUG - VBI serration levels 3 - Sync tip: 3817.65 kHz, Blanking (ire0): 4123.01 kHz
2025-12-15 17:08:47,321 - lddecode - DEBUG - Trying to detect PAL track phase...
2025-12-15 17:08:47,409 - lddecode - DEBUG - Phase previously set: 0
2025-12-15 17:08:47,409 - lddecode - DEBUG - phase0 mean: 2705.79
2025-12-15 17:08:47,409 - lddecode - DEBUG - phase1 mean: 126.41
2025-12-15 17:08:47,409 - lddecode - DEBUG - assumed_phase: 0
2025-12-15 17:08:47,575 - lddecode - DEBUG - VBI serration levels 4 - Sync tip: 3819.43 kHz, Blanking (ire0): 4123.48 kHz
2025-12-15 17:08:47,737 - lddecode - DEBUG - VBI serration levels 4 - Sync tip: 3819.29 kHz, Blanking (ire0): 4123.34 kHz
2025-12-15 17:08:47,773 - lddecode - DEBUG - File Frame 1: VHS 
2025-12-15 17:08:47,880 - lddecode - DEBUG - VBI serration levels 3 - Sync tip: 3821.10 kHz, Blanking (ire0): 4129.58 kHz
2025-12-15 17:08:48,035 - lddecode - DEBUG - VBI serration levels 4 - Sync tip: 3818.94 kHz, Blanking (ire0): 4123.08 kHz
2025-12-15 17:08:48,071 - lddecode - DEBUG - File Frame 2: VHS 
2025-12-15 17:08:48,190 - lddecode - DEBUG - VBI serration levels 4 - Sync tip: 3818.82 kHz, Blanking (ire0): 4123.05 kHz
2025-12-15 17:08:48,339 - lddecode - DEBUG - VBI serration levels 4 - Sync tip: 3818.57 kHz, Blanking (ire0): 4122.80 kHz
2025-12-15 17:08:48,378 - lddecode - DEBUG - File Frame 3: VHS 
2025-12-15 17:08:48,491 - lddecode - DEBUG - VBI serration levels 4 - Sync tip: 3818.49 kHz, Blanking (ire0): 4123.01 kHz
2025-12-15 17:08:48,649 - lddecode - DEBUG - VBI serration levels 4 - Sync tip: 3818.62 kHz, Blanking (ire0): 4123.13 kHz
2025-12-15 17:08:48,687 - lddecode - DEBUG - File Frame 4: VHS 
2025-12-15 17:08:48,809 - lddecode - DEBUG - VBI serration levels 4 - Sync tip: 3818.76 kHz, Blanking (ire0): 4123.25 kHz
2025-12-15 17:08:48,959 - lddecode - DEBUG - VBI serration levels 4 - Sync tip: 3818.75 kHz, Blanking (ire0): 4123.52 kHz
2025-12-15 17:08:48,997 - lddecode - DEBUG - File Frame 5: VHS 
2025-12-15 17:08:49,119 - lddecode - DEBUG - VBI serration levels 4 - Sync tip: 3818.70 kHz, Blanking (ire0): 4123.71 kHz
2025-12-15 17:08:49,277 - lddecode - DEBUG - VBI serration levels 4 - Sync tip: 3818.52 kHz, Blanking (ire0): 4123.58 kHz
2025-12-15 17:08:49,315 - lddecode - DEBUG - File Frame 6: VHS 
2025-12-15 17:08:49,433 - lddecode - DEBUG - VBI serration levels 4 - Sync tip: 3818.41 kHz, Blanking (ire0): 4123.65 kHz
2025-12-15 17:08:49,617 - lddecode - DEBUG - VBI serration levels 4 - Sync tip: 3818.69 kHz, Blanking (ire0): 4123.98 kHz
2025-12-15 17:08:49,653 - lddecode - DEBUG - File Frame 7: VHS 
2025-12-15 17:08:49,774 - lddecode - DEBUG - VBI serration levels 4 - Sync tip: 3818.67 kHz, Blanking (ire0): 4123.84 kHz
2025-12-15 17:08:49,926 - lddecode - DEBUG - VBI serration levels 4 - Sync tip: 3818.70 kHz, Blanking (ire0): 4123.04 kHz
2025-12-15 17:08:49,963 - lddecode - DEBUG - File Frame 8: VHS 
2025-12-15 17:08:50,082 - lddecode - DEBUG - VBI serration levels 3 - Sync tip: 3820.57 kHz, Blanking (ire0): 4129.44 kHz
2025-12-15 17:08:50,244 - lddecode - DEBUG - VBI serration levels 4 - Sync tip: 3818.27 kHz, Blanking (ire0): 4122.46 kHz
2025-12-15 17:08:50,283 - lddecode - DEBUG - File Frame 9: VHS 
2025-12-15 17:08:50,409 - lddecode - DEBUG - VBI serration levels 4 - Sync tip: 3818.35 kHz, Blanking (ire0): 4121.93 kHz
2025-12-15 17:08:50,583 - lddecode - DEBUG - VBI serration levels 4 - Sync tip: 3818.46 kHz, Blanking (ire0): 4122.16 kHz
2025-12-15 17:08:50,623 - lddecode - DEBUG - File Frame 10: VHS 
2025-12-15 17:08:50,745 - lddecode - DEBUG - VBI serration levels 4 - Sync tip: 3818.79 kHz, Blanking (ire0): 4122.53 kHz
2025-12-15 17:08:50,898 - lddecode - DEBUG - VBI serration levels 3 - Sync tip: 3817.40 kHz, Blanking (ire0): 4122.91 kHz
2025-12-15 17:08:50,941 - lddecode - DEBUG - File Frame 11: VHS 
2025-12-15 17:08:51,057 - lddecode - DEBUG - VBI serration levels 4 - Sync tip: 3818.89 kHz, Blanking (ire0): 4123.29 kHz
2025-12-15 17:08:51,216 - lddecode - DEBUG - VBI serration levels 4 - Sync tip: 3818.72 kHz, Blanking (ire0): 4122.94 kHz
2025-12-15 17:08:51,253 - lddecode - DEBUG - File Frame 12: VHS 
2025-12-15 17:08:51,371 - lddecode - DEBUG - VBI serration levels 3 - Sync tip: 3820.82 kHz, Blanking (ire0): 4129.15 kHz
2025-12-15 17:08:51,521 - lddecode - DEBUG - VBI serration levels 4 - Sync tip: 3818.61 kHz, Blanking (ire0): 4122.95 kHz
2025-12-15 17:08:51,561 - lddecode - DEBUG - File Frame 13: VHS 
2025-12-15 17:08:51,681 - lddecode - DEBUG - VBI serration levels 3 - Sync tip: 3820.71 kHz, Blanking (ire0): 4129.66 kHz
2025-12-15 17:08:51,835 - lddecode - DEBUG - VBI serration levels 4 - Sync tip: 3818.95 kHz, Blanking (ire0): 4123.55 kHz
2025-12-15 17:08:51,875 - lddecode - DEBUG - File Frame 14: VHS 
2025-12-15 17:08:51,993 - lddecode - DEBUG - VBI serration levels 4 - Sync tip: 3819.03 kHz, Blanking (ire0): 4123.41 kHz
2025-12-15 17:08:52,153 - lddecode - DEBUG - VBI serration levels 4 - Sync tip: 3819.01 kHz, Blanking (ire0): 4123.50 kHz
2025-12-15 17:08:52,193 - lddecode - DEBUG - File Frame 15: VHS 
2025-12-15 17:08:52,310 - lddecode - DEBUG - VBI serration levels 4 - Sync tip: 3818.65 kHz, Blanking (ire0): 4123.20 kHz
2025-12-15 17:08:52,467 - lddecode - DEBUG - VBI serration levels 4 - Sync tip: 3818.46 kHz, Blanking (ire0): 4122.57 kHz
2025-12-15 17:08:52,509 - lddecode - DEBUG - File Frame 16: VHS 
2025-12-15 17:08:52,630 - lddecode - DEBUG - VBI serration levels 4 - Sync tip: 3818.53 kHz, Blanking (ire0): 4122.68 kHz
2025-12-15 17:08:52,796 - lddecode - DEBUG - VBI serration levels 4 - Sync tip: 3818.59 kHz, Blanking (ire0): 4122.93 kHz
2025-12-15 17:08:52,835 - lddecode - DEBUG - File Frame 17: VHS 
2025-12-15 17:08:52,951 - lddecode - DEBUG - VBI serration levels 4 - Sync tip: 3818.66 kHz, Blanking (ire0): 4122.71 kHz
2025-12-15 17:08:53,111 - lddecode - DEBUG - VBI serration levels 4 - Sync tip: 3818.38 kHz, Blanking (ire0): 4122.53 kHz
2025-12-15 17:08:53,153 - lddecode - DEBUG - File Frame 18: VHS 
2025-12-15 17:08:53,273 - lddecode - DEBUG - VBI serration levels 4 - Sync tip: 3818.62 kHz, Blanking (ire0): 4123.10 kHz
2025-12-15 17:08:53,437 - lddecode - DEBUG - VBI serration levels 4 - Sync tip: 3819.02 kHz, Blanking (ire0): 4123.77 kHz
2025-12-15 17:08:53,481 - lddecode - DEBUG - File Frame 19: VHS 
2025-12-15 17:08:53,605 - lddecode - DEBUG - VBI serration levels 4 - Sync tip: 3818.92 kHz, Blanking (ire0): 4123.76 kHz
2025-12-15 17:08:53,763 - lddecode - DEBUG - VBI serration levels 4 - Sync tip: 3818.98 kHz, Blanking (ire0): 4123.35 kHz
2025-12-15 17:08:53,799 - lddecode - DEBUG - File Frame 20: VHS 
2025-12-15 17:08:53,935 - lddecode - DEBUG - VBI serration levels 3 - Sync tip: 3821.29 kHz, Blanking (ire0): 4129.45 kHz
2025-12-15 17:08:54,095 - lddecode - DEBUG - VBI serration levels 4 - Sync tip: 3819.13 kHz, Blanking (ire0): 4123.77 kHz
2025-12-15 17:08:54,133 - lddecode - DEBUG - File Frame 21: VHS 
2025-12-15 17:08:54,255 - lddecode - DEBUG - VBI serration levels 4 - Sync tip: 3819.07 kHz, Blanking (ire0): 4123.36 kHz
2025-12-15 17:08:54,418 - lddecode - DEBUG - VBI serration levels 4 - Sync tip: 3818.82 kHz, Blanking (ire0): 4122.80 kHz
2025-12-15 17:08:54,455 - lddecode - DEBUG - File Frame 22: VHS 
2025-12-15 17:08:54,571 - lddecode - DEBUG - VBI serration levels 4 - Sync tip: 3818.78 kHz, Blanking (ire0): 4123.14 kHz
2025-12-15 17:08:54,728 - lddecode - DEBUG - VBI serration levels 3 - Sync tip: 3817.60 kHz, Blanking (ire0): 4124.29 kHz
2025-12-15 17:08:54,769 - lddecode - DEBUG - File Frame 23: VHS 
2025-12-15 17:08:54,888 - lddecode - DEBUG - VBI serration levels 4 - Sync tip: 3819.56 kHz, Blanking (ire0): 4124.24 kHz
2025-12-15 17:08:55,036 - lddecode - DEBUG - VBI serration levels 4 - Sync tip: 3819.44 kHz, Blanking (ire0): 4123.89 kHz
2025-12-15 17:08:55,072 - lddecode - DEBUG - File Frame 24: VHS 
2025-12-15 17:08:55,197 - lddecode - DEBUG - VBI serration levels 3 - Sync tip: 3821.52 kHz, Blanking (ire0): 4129.59 kHz
2025-12-15 17:08:55,349 - lddecode - DEBUG - VBI serration levels 3 - Sync tip: 3817.45 kHz, Blanking (ire0): 4123.79 kHz
2025-12-15 17:08:55,385 - lddecode - DEBUG - File Frame 25: VHS 
2025-12-15 17:08:55,507 - lddecode - DEBUG - VBI serration levels 4 - Sync tip: 3819.17 kHz, Blanking (ire0): 4123.09 kHz
2025-12-15 17:08:55,669 - lddecode - DEBUG - VBI serration levels 4 - Sync tip: 3819.26 kHz, Blanking (ire0): 4122.97 kHz
2025-12-15 17:08:55,707 - lddecode - DEBUG - File Frame 26: VHS 
2025-12-15 17:08:55,825 - lddecode - DEBUG - VBI serration levels 4 - Sync tip: 3818.78 kHz, Blanking (ire0): 4122.97 kHz
2025-12-15 17:08:55,981 - lddecode - DEBUG - VBI serration levels 3 - Sync tip: 3816.85 kHz, Blanking (ire0): 4123.42 kHz
2025-12-15 17:08:56,018 - lddecode - DEBUG - File Frame 27: VHS 
2025-12-15 17:08:56,140 - lddecode - DEBUG - VBI serration levels 4 - Sync tip: 3818.45 kHz, Blanking (ire0): 4123.18 kHz
2025-12-15 17:08:56,300 - lddecode - DEBUG - VBI serration levels 3 - Sync tip: 3816.98 kHz, Blanking (ire0): 4123.37 kHz
2025-12-15 17:08:56,340 - lddecode - DEBUG - File Frame 28: VHS 
2025-12-15 17:08:56,465 - lddecode - DEBUG - VBI serration levels 4 - Sync tip: 3818.29 kHz, Blanking (ire0): 4123.17 kHz
2025-12-15 17:08:56,619 - lddecode - DEBUG - VBI serration levels 4 - Sync tip: 3818.20 kHz, Blanking (ire0): 4122.65 kHz
2025-12-15 17:08:56,655 - lddecode - DEBUG - File Frame 29: VHS 
2025-12-15 17:08:56,777 - lddecode - DEBUG - VBI serration levels 4 - Sync tip: 3818.59 kHz, Blanking (ire0): 4122.68 kHz
2025-12-15 17:08:56,937 - lddecode - DEBUG - VBI serration levels 3 - Sync tip: 3817.24 kHz, Blanking (ire0): 4123.10 kHz
2025-12-15 17:08:56,979 - lddecode - DEBUG - File Frame 30: VHS 
2025-12-15 17:08:57,100 - lddecode - DEBUG - VBI serration levels 4 - Sync tip: 3818.61 kHz, Blanking (ire0): 4122.98 kHz
2025-12-15 17:08:57,263 - lddecode - DEBUG - VBI serration levels 4 - Sync tip: 3818.72 kHz, Blanking (ire0): 4122.81 kHz
2025-12-15 17:08:57,300 - lddecode - DEBUG - File Frame 31: VHS 
2025-12-15 17:08:57,425 - lddecode - DEBUG - VBI serration levels 4 - Sync tip: 3818.57 kHz, Blanking (ire0): 4122.94 kHz
2025-12-15 17:08:57,581 - lddecode - DEBUG - VBI serration levels 4 - Sync tip: 3818.29 kHz, Blanking (ire0): 4122.96 kHz
2025-12-15 17:08:57,620 - lddecode - DEBUG - File Frame 32: VHS 
2025-12-15 17:08:57,741 - lddecode - DEBUG - VBI serration levels 4 - Sync tip: 3818.74 kHz, Blanking (ire0): 4123.36 kHz
2025-12-15 17:08:57,901 - lddecode - DEBUG - VBI serration levels 4 - Sync tip: 3819.28 kHz, Blanking (ire0): 4123.74 kHz
2025-12-15 17:08:57,935 - lddecode - DEBUG - File Frame 33: VHS 
2025-12-15 17:08:58,061 - lddecode - DEBUG - VBI serration levels 4 - Sync tip: 3819.28 kHz, Blanking (ire0): 4123.52 kHz
2025-12-15 17:08:58,215 - lddecode - DEBUG - VBI serration levels 3 - Sync tip: 3817.70 kHz, Blanking (ire0): 4123.05 kHz
2025-12-15 17:08:58,258 - lddecode - DEBUG - File Frame 34: VHS 
2025-12-15 17:08:58,381 - lddecode - DEBUG - VBI serration levels 4 - Sync tip: 3818.83 kHz, Blanking (ire0): 4122.73 kHz
2025-12-15 17:08:58,543 - lddecode - DEBUG - VBI serration levels 3 - Sync tip: 3817.67 kHz, Blanking (ire0): 4123.38 kHz
2025-12-15 17:08:58,582 - lddecode - DEBUG - File Frame 35: VHS 
2025-12-15 17:08:58,704 - lddecode - DEBUG - VBI serration levels 4 - Sync tip: 3818.83 kHz, Blanking (ire0): 4123.40 kHz
2025-12-15 17:08:58,862 - lddecode - DEBUG - VBI serration levels 4 - Sync tip: 3818.54 kHz, Blanking (ire0): 4123.08 kHz
2025-12-15 17:08:58,902 - lddecode - DEBUG - File Frame 36: VHS 
2025-12-15 17:08:59,024 - lddecode - DEBUG - VBI serration levels 3 - Sync tip: 3820.65 kHz, Blanking (ire0): 4129.51 kHz
2025-12-15 17:08:59,186 - lddecode - DEBUG - VBI serration levels 4 - Sync tip: 3818.72 kHz, Blanking (ire0): 4123.02 kHz
2025-12-15 17:08:59,224 - lddecode - DEBUG - File Frame 37: VHS 
2025-12-15 17:08:59,351 - lddecode - DEBUG - VBI serration levels 3 - Sync tip: 3820.68 kHz, Blanking (ire0): 4129.68 kHz
2025-12-15 17:08:59,516 - lddecode - DEBUG - VBI serration levels 3 - Sync tip: 3817.45 kHz, Blanking (ire0): 4122.61 kHz
2025-12-15 17:08:59,560 - lddecode - DEBUG - File Frame 38: VHS 
2025-12-15 17:08:59,683 - lddecode - DEBUG - VBI serration levels 4 - Sync tip: 3819.14 kHz, Blanking (ire0): 4122.55 kHz
2025-12-15 17:08:59,843 - lddecode - DEBUG - VBI serration levels 3 - Sync tip: 3817.42 kHz, Blanking (ire0): 4123.06 kHz
2025-12-15 17:08:59,886 - lddecode - DEBUG - File Frame 39: VHS 
2025-12-15 17:09:00,010 - lddecode - DEBUG - VBI serration levels 4 - Sync tip: 3818.55 kHz, Blanking (ire0): 4122.91 kHz
2025-12-15 17:09:00,171 - lddecode - DEBUG - VBI serration levels 3 - Sync tip: 3817.24 kHz, Blanking (ire0): 4123.03 kHz
2025-12-15 17:09:00,227 - lddecode - DEBUG - File Frame 40: VHS 
2025-12-15 17:09:00,361 - lddecode - DEBUG - VBI serration levels 3 - Sync tip: 3821.05 kHz, Blanking (ire0): 4129.38 kHz
2025-12-15 17:09:00,527 - lddecode - DEBUG - VBI serration levels 4 - Sync tip: 3819.16 kHz, Blanking (ire0): 4123.95 kHz
2025-12-15 17:09:00,566 - lddecode - DEBUG - File Frame 41: VHS 
2025-12-15 17:09:00,691 - lddecode - DEBUG - VBI serration levels 4 - Sync tip: 3819.09 kHz, Blanking (ire0): 4123.53 kHz
2025-12-15 17:09:00,873 - lddecode - DEBUG - VBI serration levels 4 - Sync tip: 3819.36 kHz, Blanking (ire0): 4123.38 kHz
2025-12-15 17:09:00,911 - lddecode - DEBUG - File Frame 42: VHS 
2025-12-15 17:09:01,038 - lddecode - DEBUG - VBI serration levels 4 - Sync tip: 3819.29 kHz, Blanking (ire0): 4123.29 kHz
2025-12-15 17:09:01,206 - lddecode - DEBUG - VBI serration levels 4 - Sync tip: 3818.88 kHz, Blanking (ire0): 4123.01 kHz
2025-12-15 17:09:01,244 - lddecode - DEBUG - File Frame 43: VHS 
2025-12-15 17:09:01,380 - lddecode - DEBUG - VBI serration levels 4 - Sync tip: 3818.58 kHz, Blanking (ire0): 4122.84 kHz
2025-12-15 17:09:01,545 - lddecode - DEBUG - VBI serration levels 4 - Sync tip: 3818.46 kHz, Blanking (ire0): 4123.04 kHz
2025-12-15 17:09:01,589 - lddecode - DEBUG - File Frame 44: VHS 
2025-12-15 17:09:01,713 - lddecode - DEBUG - VBI serration levels 4 - Sync tip: 3818.61 kHz, Blanking (ire0): 4123.37 kHz
2025-12-15 17:09:01,883 - lddecode - DEBUG - VBI serration levels 4 - Sync tip: 3818.75 kHz, Blanking (ire0): 4123.57 kHz
2025-12-15 17:09:01,920 - lddecode - DEBUG - File Frame 45: VHS 
2025-12-15 17:09:02,041 - lddecode - DEBUG - VBI serration levels 4 - Sync tip: 3818.81 kHz, Blanking (ire0): 4123.33 kHz
2025-12-15 17:09:02,207 - lddecode - DEBUG - VBI serration levels 3 - Sync tip: 3817.12 kHz, Blanking (ire0): 4123.13 kHz
2025-12-15 17:09:02,245 - lddecode - DEBUG - File Frame 46: VHS 
2025-12-15 17:09:02,365 - lddecode - DEBUG - VBI serration levels 4 - Sync tip: 3818.88 kHz, Blanking (ire0): 4123.27 kHz
2025-12-15 17:09:02,531 - lddecode - DEBUG - VBI serration levels 4 - Sync tip: 3818.95 kHz, Blanking (ire0): 4122.82 kHz
2025-12-15 17:09:02,570 - lddecode - DEBUG - File Frame 47: VHS 
2025-12-15 17:09:02,700 - lddecode - DEBUG - VBI serration levels 4 - Sync tip: 3818.86 kHz, Blanking (ire0): 4122.82 kHz
2025-12-15 17:09:02,861 - lddecode - DEBUG - VBI serration levels 4 - Sync tip: 3818.98 kHz, Blanking (ire0): 4123.19 kHz
2025-12-15 17:09:02,903 - lddecode - DEBUG - File Frame 48: VHS 
2025-12-15 17:09:03,027 - lddecode - DEBUG - VBI serration levels 3 - Sync tip: 3820.94 kHz, Blanking (ire0): 4129.27 kHz
2025-12-15 17:09:03,186 - lddecode - DEBUG - VBI serration levels 4 - Sync tip: 3818.76 kHz, Blanking (ire0): 4123.02 kHz
2025-12-15 17:09:03,223 - lddecode - DEBUG - File Frame 49: VHS 
2025-12-15 17:09:03,341 - lddecode - DEBUG - VBI serration levels 3 - Sync tip: 3820.67 kHz, Blanking (ire0): 4129.32 kHz
2025-12-15 17:09:03,503 - lddecode - DEBUG - VBI serration levels 3 - Sync tip: 3817.19 kHz, Blanking (ire0): 4123.13 kHz
2025-12-15 17:09:03,543 - lddecode - DEBUG - File Frame 50: VHS 
