2025-12-15 17:39:56,334 - lddecode - DEBUG - VBI EQ serration pulses search failed (using fallback logic)
2025-12-15 17:39:56,818 - lddecode - DEBUG - VBI serration levels 3 - Sync tip: 3819.05 kHz, Blanking (ire0): 4123.07 kHz
2025-12-15 17:39:56,976 - lddecode - DEBUG - VBI serration levels 3 - Sync tip: 3817.65 kHz, Blanking (ire0): 4123.01 kHz
2025-12-15 17:39:57,048 - lddecode - DEBUG - Trying to detect PAL track phase...
2025-12-15 17:39:57,196 - lddecode - DEBUG - Phase previously set: 0
2025-12-15 17:39:57,198 - lddecode - DEBUG - phase0 mean: 2705.79
2025-12-15 17:39:57,198 - lddecode - DEBUG - phase1 mean: 126.41
2025-12-15 17:39:57,198 - lddecode - DEBUG - assumed_phase: 0
2025-12-15 17:39:57,366 - lddecode - DEBUG - VBI serration levels 4 - Sync tip: 3819.43 kHz, Blanking (ire0): 4123.48 kHz
2025-12-15 17:39:57,616 - lddecode - DEBUG - VBI serration levels 4 - Sync tip: 3819.29 kHz, Blanking (ire0): 4123.34 kHz
2025-12-15 17:39:57,704 - lddecode - DEBUG - File Frame 1: VHS 
2025-12-15 17:39:57,826 - lddecode - DEBUG - VBI serration levels 3 - Sync tip: 3821.10 kHz, Blanking (ire0): 4129.58 kHz
2025-12-15 17:39:58,063 - lddecode - DEBUG - VBI serration levels 4 - Sync tip: 3818.94 kHz, Blanking (ire0): 4123.08 kHz
2025-12-15 17:39:58,165 - lddecode - DEBUG - File Frame 2: VHS 
2025-12-15 17:39:58,344 - lddecode - DEBUG - VBI serration levels 4 - Sync tip: 3818.82 kHz, Blanking (ire0): 4123.05 kHz
2025-12-15 17:39:58,641 - lddecode - DEBUG - VBI serration levels 4 - Sync tip: 3818.57 kHz, Blanking (ire0): 4122.80 kHz
2025-12-15 17:39:58,737 - lddecode - DEBUG - File Frame 3: VHS 
2025-12-15 17:39:58,875 - lddecode - DEBUG - VBI serration levels 4 - Sync tip: 3818.49 kHz, Blanking (ire0): 4123.01 kHz
2025-12-15 17:39:59,141 - lddecode - DEBUG - VBI serration levels 3 - Sync tip: 3817.19 kHz, Blanking (ire0): 4122.11 kHz
2025-12-15 17:39:59,247 - lddecode - DEBUG - File Frame 4: VHS 
2025-12-15 17:39:59,445 - lddecode - DEBUG - VBI serration levels 4 - Sync tip: 3818.76 kHz, Blanking (ire0): 4123.25 kHz
2025-12-15 17:39:59,757 - lddecode - DEBUG - VBI serration levels 4 - Sync tip: 3818.75 kHz, Blanking (ire0): 4123.52 kHz
2025-12-15 17:39:59,876 - lddecode - DEBUG - File Frame 5: VHS 
2025-12-15 17:40:00,178 - lddecode - DEBUG - VBI serration levels 4 - Sync tip: 3818.70 kHz, Blanking (ire0): 4123.71 kHz
2025-12-15 17:40:00,433 - lddecode - DEBUG - VBI serration levels 4 - Sync tip: 3818.52 kHz, Blanking (ire0): 4123.58 kHz
2025-12-15 17:40:00,537 - lddecode - DEBUG - File Frame 6: VHS 
2025-12-15 17:40:00,687 - lddecode - DEBUG - VBI serration levels 4 - Sync tip: 3818.41 kHz, Blanking (ire0): 4123.65 kHz
2025-12-15 17:40:00,944 - lddecode - DEBUG - VBI serration levels 4 - Sync tip: 3818.69 kHz, Blanking (ire0): 4123.98 kHz
2025-12-15 17:40:01,022 - lddecode - DEBUG - File Frame 7: VHS 
2025-12-15 17:40:01,197 - lddecode - DEBUG - VBI serration levels 4 - Sync tip: 3818.67 kHz, Blanking (ire0): 4123.84 kHz
2025-12-15 17:40:01,412 - lddecode - DEBUG - VBI serration levels 4 - Sync tip: 3818.70 kHz, Blanking (ire0): 4123.04 kHz
2025-12-15 17:40:01,519 - lddecode - DEBUG - File Frame 8: VHS 
2025-12-15 17:40:01,666 - lddecode - DEBUG - VBI serration levels 3 - Sync tip: 3820.57 kHz, Blanking (ire0): 4129.44 kHz
2025-12-15 17:40:01,895 - lddecode - DEBUG - VBI serration levels 4 - Sync tip: 3818.27 kHz, Blanking (ire0): 4122.46 kHz
2025-12-15 17:40:02,007 - lddecode - DEBUG - File Frame 9: VHS 
2025-12-15 17:40:02,175 - lddecode - DEBUG - VBI serration levels 4 - Sync tip: 3818.35 kHz, Blanking (ire0): 4121.93 kHz
2025-12-15 17:40:02,425 - lddecode - DEBUG - VBI serration levels 4 - Sync tip: 3818.46 kHz, Blanking (ire0): 4122.16 kHz
2025-12-15 17:40:02,512 - lddecode - DEBUG - File Frame 10: VHS 
2025-12-15 17:40:02,687 - lddecode - DEBUG - VBI serration levels 4 - Sync tip: 3818.79 kHz, Blanking (ire0): 4122.53 kHz
2025-12-15 17:40:02,870 - lddecode - DEBUG - VBI serration levels 3 - Sync tip: 3817.40 kHz, Blanking (ire0): 4122.91 kHz
2025-12-15 17:40:02,988 - lddecode - DEBUG - File Frame 11: VHS 
2025-12-15 17:40:03,131 - lddecode - DEBUG - VBI serration levels 4 - Sync tip: 3818.89 kHz, Blanking (ire0): 4123.29 kHz
2025-12-15 17:40:03,361 - lddecode - DEBUG - VBI serration levels 4 - Sync tip: 3818.72 kHz, Blanking (ire0): 4122.94 kHz
2025-12-15 17:40:03,442 - lddecode - DEBUG - File Frame 12: VHS 
2025-12-15 17:40:03,594 - lddecode - DEBUG - VBI serration levels 3 - Sync tip: 3820.82 kHz, Blanking (ire0): 4129.15 kHz
2025-12-15 17:40:03,825 - lddecode - DEBUG - VBI serration levels 4 - Sync tip: 3818.61 kHz, Blanking (ire0): 4122.95 kHz
2025-12-15 17:40:03,910 - lddecode - DEBUG - File Frame 13: VHS 
2025-12-15 17:40:04,053 - lddecode - DEBUG - VBI serration levels 3 - Sync tip: 3820.71 kHz, Blanking (ire0): 4129.66 kHz
2025-12-15 17:40:04,262 - lddecode - DEBUG - VBI serration levels 4 - Sync tip: 3818.95 kHz, Blanking (ire0): 4123.55 kHz
2025-12-15 17:40:04,345 - lddecode - DEBUG - File Frame 14: VHS 
2025-12-15 17:40:04,482 - lddecode - DEBUG - VBI serration levels 4 - Sync tip: 3819.03 kHz, Blanking (ire0): 4123.41 kHz
2025-12-15 17:40:04,681 - lddecode - DEBUG - VBI serration levels 3 - Sync tip: 3817.42 kHz, Blanking (ire0): 4123.41 kHz
2025-12-15 17:40:04,772 - lddecode - DEBUG - File Frame 15: VHS 
2025-12-15 17:40:04,921 - lddecode - DEBUG - VBI serration levels 4 - Sync tip: 3818.65 kHz, Blanking (ire0): 4123.20 kHz
2025-12-15 17:40:05,101 - lddecode - DEBUG - VBI serration levels 4 - Sync tip: 3818.46 kHz, Blanking (ire0): 4122.57 kHz
2025-12-15 17:40:05,192 - lddecode - DEBUG - File Frame 16: VHS 
2025-12-15 17:40:05,357 - lddecode - DEBUG - VBI serration levels 4 - Sync tip: 3818.53 kHz, Blanking (ire0): 4122.68 kHz
2025-12-15 17:40:05,567 - lddecode - DEBUG - VBI serration levels 4 - Sync tip: 3818.59 kHz, Blanking (ire0): 4122.93 kHz
2025-12-15 17:40:05,674 - lddecode - DEBUG - File Frame 17: VHS 
2025-12-15 17:40:05,815 - lddecode - DEBUG - VBI serration levels 4 - Sync tip: 3818.66 kHz, Blanking (ire0): 4122.71 kHz
2025-12-15 17:40:06,041 - lddecode - DEBUG - VBI serration levels 4 - Sync tip: 3818.38 kHz, Blanking (ire0): 4122.53 kHz
2025-12-15 17:40:06,117 - lddecode - DEBUG - File Frame 18: VHS 
2025-12-15 17:40:06,289 - lddecode - DEBUG - VBI serration levels 4 - Sync tip: 3818.62 kHz, Blanking (ire0): 4123.10 kHz
2025-12-15 17:40:06,547 - lddecode - DEBUG - VBI serration levels 4 - Sync tip: 3819.02 kHz, Blanking (ire0): 4123.77 kHz
2025-12-15 17:40:06,646 - lddecode - DEBUG - File Frame 19: VHS 
2025-12-15 17:40:06,793 - lddecode - DEBUG - VBI serration levels 4 - Sync tip: 3818.92 kHz, Blanking (ire0): 4123.76 kHz
2025-12-15 17:40:07,017 - lddecode - DEBUG - VBI serration levels 4 - Sync tip: 3818.98 kHz, Blanking (ire0): 4123.35 kHz
2025-12-15 17:40:07,097 - lddecode - DEBUG - File Frame 20: VHS 
2025-12-15 17:40:07,263 - lddecode - DEBUG - VBI serration levels 3 - Sync tip: 3821.29 kHz, Blanking (ire0): 4129.45 kHz
2025-12-15 17:40:07,505 - lddecode - DEBUG - VBI serration levels 4 - Sync tip: 3819.13 kHz, Blanking (ire0): 4123.77 kHz
2025-12-15 17:40:07,577 - lddecode - DEBUG - File Frame 21: VHS 
2025-12-15 17:40:07,679 - lddecode - DEBUG - VBI serration levels 4 - Sync tip: 3819.07 kHz, Blanking (ire0): 4123.36 kHz
2025-12-15 17:40:07,912 - lddecode - DEBUG - VBI serration levels 4 - Sync tip: 3818.82 kHz, Blanking (ire0): 4122.80 kHz
2025-12-15 17:40:08,006 - lddecode - DEBUG - File Frame 22: VHS 
2025-12-15 17:40:08,151 - lddecode - DEBUG - VBI serration levels 4 - Sync tip: 3818.78 kHz, Blanking (ire0): 4123.14 kHz
2025-12-15 17:40:08,349 - lddecode - DEBUG - VBI serration levels 3 - Sync tip: 3817.60 kHz, Blanking (ire0): 4124.29 kHz
2025-12-15 17:40:08,437 - lddecode - DEBUG - File Frame 23: VHS 
2025-12-15 17:40:08,603 - lddecode - DEBUG - VBI serration levels 4 - Sync tip: 3819.56 kHz, Blanking (ire0): 4124.24 kHz
2025-12-15 17:40:08,774 - lddecode - DEBUG - VBI serration levels 4 - Sync tip: 3819.44 kHz, Blanking (ire0): 4123.89 kHz
2025-12-15 17:40:08,861 - lddecode - DEBUG - File Frame 24: VHS 
2025-12-15 17:40:09,007 - lddecode - DEBUG - VBI serration levels 3 - Sync tip: 3821.52 kHz, Blanking (ire0): 4129.59 kHz
2025-12-15 17:40:09,231 - lddecode - DEBUG - VBI serration levels 3 - Sync tip: 3817.45 kHz, Blanking (ire0): 4123.79 kHz
2025-12-15 17:40:09,289 - lddecode - DEBUG - File Frame 25: VHS 
2025-12-15 17:40:09,420 - lddecode - DEBUG - VBI serration levels 4 - Sync tip: 3819.17 kHz, Blanking (ire0): 4123.09 kHz
2025-12-15 17:40:09,631 - lddecode - DEBUG - VBI serration levels 3 - Sync tip: 3817.67 kHz, Blanking (ire0): 4123.47 kHz
2025-12-15 17:40:09,755 - lddecode - DEBUG - File Frame 26: VHS 
2025-12-15 17:40:09,919 - lddecode - DEBUG - VBI serration levels 4 - Sync tip: 3818.78 kHz, Blanking (ire0): 4122.97 kHz
2025-12-15 17:40:10,102 - lddecode - DEBUG - VBI serration levels 4 - Sync tip: 3818.20 kHz, Blanking (ire0): 4122.71 kHz
2025-12-15 17:40:10,197 - lddecode - DEBUG - File Frame 27: VHS 
2025-12-15 17:40:10,343 - lddecode - DEBUG - VBI serration levels 4 - Sync tip: 3818.45 kHz, Blanking (ire0): 4123.18 kHz
2025-12-15 17:40:10,559 - lddecode - DEBUG - VBI serration levels 3 - Sync tip: 3816.98 kHz, Blanking (ire0): 4123.37 kHz
2025-12-15 17:40:10,629 - lddecode - DEBUG - File Frame 28: VHS 
2025-12-15 17:40:10,781 - lddecode - DEBUG - VBI serration levels 4 - Sync tip: 3818.29 kHz, Blanking (ire0): 4123.17 kHz
2025-12-15 17:40:11,049 - lddecode - DEBUG - VBI serration levels 4 - Sync tip: 3818.20 kHz, Blanking (ire0): 4122.65 kHz
2025-12-15 17:40:11,145 - lddecode - DEBUG - File Frame 29: VHS 
2025-12-15 17:40:11,314 - lddecode - DEBUG - VBI serration levels 4 - Sync tip: 3818.59 kHz, Blanking (ire0): 4122.68 kHz
2025-12-15 17:40:11,557 - lddecode - DEBUG - VBI serration levels 3 - Sync tip: 3817.24 kHz, Blanking (ire0): 4123.10 kHz
2025-12-15 17:40:11,633 - lddecode - DEBUG - File Frame 30: VHS 
2025-12-15 17:40:11,763 - lddecode - DEBUG - VBI serration levels 4 - Sync tip: 3818.61 kHz, Blanking (ire0): 4122.98 kHz
2025-12-15 17:40:11,953 - lddecode - DEBUG - VBI serration levels 4 - Sync tip: 3818.72 kHz, Blanking (ire0): 4122.81 kHz
2025-12-15 17:40:12,030 - lddecode - DEBUG - File Frame 31: VHS 
2025-12-15 17:40:12,177 - lddecode - DEBUG - VBI serration levels 4 - Sync tip: 3818.57 kHz, Blanking (ire0): 4122.94 kHz
2025-12-15 17:40:12,395 - lddecode - DEBUG - VBI serration levels 4 - Sync tip: 3818.29 kHz, Blanking (ire0): 4122.96 kHz
2025-12-15 17:40:12,483 - lddecode - DEBUG - File Frame 32: VHS 
2025-12-15 17:40:12,631 - lddecode - DEBUG - VBI serration levels 4 - Sync tip: 3818.74 kHz, Blanking (ire0): 4123.36 kHz
2025-12-15 17:40:12,852 - lddecode - DEBUG - VBI serration levels 4 - Sync tip: 3819.28 kHz, Blanking (ire0): 4123.74 kHz
2025-12-15 17:40:12,937 - lddecode - DEBUG - File Frame 33: VHS 
2025-12-15 17:40:13,103 - lddecode - DEBUG - VBI serration levels 4 - Sync tip: 3819.28 kHz, Blanking (ire0): 4123.52 kHz
2025-12-15 17:40:13,370 - lddecode - DEBUG - VBI serration levels 3 - Sync tip: 3817.70 kHz, Blanking (ire0): 4123.05 kHz
2025-12-15 17:40:13,505 - lddecode - DEBUG - File Frame 34: VHS 
2025-12-15 17:40:13,657 - lddecode - DEBUG - VBI serration levels 4 - Sync tip: 3818.83 kHz, Blanking (ire0): 4122.73 kHz
2025-12-15 17:40:13,898 - lddecode - DEBUG - VBI serration levels 3 - Sync tip: 3817.67 kHz, Blanking (ire0): 4123.38 kHz
2025-12-15 17:40:14,031 - lddecode - DEBUG - File Frame 35: VHS 
2025-12-15 17:40:14,188 - lddecode - DEBUG - VBI serration levels 4 - Sync tip: 3818.83 kHz, Blanking (ire0): 4123.40 kHz
2025-12-15 17:40:14,482 - lddecode - DEBUG - VBI serration levels 4 - Sync tip: 3818.54 kHz, Blanking (ire0): 4123.08 kHz
2025-12-15 17:40:14,593 - lddecode - DEBUG - File Frame 36: VHS 
2025-12-15 17:40:14,755 - lddecode - DEBUG - VBI serration levels 3 - Sync tip: 3820.65 kHz, Blanking (ire0): 4129.51 kHz
2025-12-15 17:40:14,990 - lddecode - DEBUG - VBI serration levels 3 - Sync tip: 3817.28 kHz, Blanking (ire0): 4122.52 kHz
2025-12-15 17:40:15,065 - lddecode - DEBUG - File Frame 37: VHS 
2025-12-15 17:40:15,221 - lddecode - DEBUG - VBI serration levels 3 - Sync tip: 3820.68 kHz, Blanking (ire0): 4129.68 kHz
2025-12-15 17:40:15,423 - lddecode - DEBUG - VBI serration levels 3 - Sync tip: 3817.45 kHz, Blanking (ire0): 4122.61 kHz
2025-12-15 17:40:15,501 - lddecode - DEBUG - File Frame 38: VHS 
2025-12-15 17:40:15,645 - lddecode - DEBUG - VBI serration levels 4 - Sync tip: 3819.14 kHz, Blanking (ire0): 4122.55 kHz
2025-12-15 17:40:15,873 - lddecode - DEBUG - VBI serration levels 3 - Sync tip: 3817.42 kHz, Blanking (ire0): 4123.06 kHz
2025-12-15 17:40:15,954 - lddecode - DEBUG - File Frame 39: VHS 
2025-12-15 17:40:16,111 - lddecode - DEBUG - VBI serration levels 4 - Sync tip: 3818.55 kHz, Blanking (ire0): 4122.91 kHz
2025-12-15 17:40:16,312 - lddecode - DEBUG - VBI serration levels 3 - Sync tip: 3817.24 kHz, Blanking (ire0): 4123.03 kHz
2025-12-15 17:40:16,427 - lddecode - DEBUG - File Frame 40: VHS 
2025-12-15 17:40:16,550 - lddecode - DEBUG - VBI serration levels 3 - Sync tip: 3821.05 kHz, Blanking (ire0): 4129.38 kHz
2025-12-15 17:40:16,799 - lddecode - DEBUG - VBI serration levels 4 - Sync tip: 3819.16 kHz, Blanking (ire0): 4123.95 kHz
2025-12-15 17:40:16,889 - lddecode - DEBUG - File Frame 41: VHS 
2025-12-15 17:40:17,027 - lddecode - DEBUG - VBI serration levels 4 - Sync tip: 3819.09 kHz, Blanking (ire0): 4123.53 kHz
2025-12-15 17:40:17,237 - lddecode - DEBUG - VBI serration levels 4 - Sync tip: 3819.36 kHz, Blanking (ire0): 4123.38 kHz
2025-12-15 17:40:17,335 - lddecode - DEBUG - File Frame 42: VHS 
2025-12-15 17:40:17,459 - lddecode - DEBUG - VBI serration levels 4 - Sync tip: 3819.29 kHz, Blanking (ire0): 4123.29 kHz
2025-12-15 17:40:17,732 - lddecode - DEBUG - VBI serration levels 4 - Sync tip: 3818.88 kHz, Blanking (ire0): 4123.01 kHz
2025-12-15 17:40:17,845 - lddecode - DEBUG - File Frame 43: VHS 
2025-12-15 17:40:17,965 - lddecode - DEBUG - VBI serration levels 4 - Sync tip: 3818.58 kHz, Blanking (ire0): 4122.84 kHz
2025-12-15 17:40:18,180 - lddecode - DEBUG - VBI serration levels 4 - Sync tip: 3818.46 kHz, Blanking (ire0): 4123.04 kHz
2025-12-15 17:40:18,290 - lddecode - DEBUG - File Frame 44: VHS 
2025-12-15 17:40:18,405 - lddecode - DEBUG - VBI serration levels 4 - Sync tip: 3818.61 kHz, Blanking (ire0): 4123.37 kHz
2025-12-15 17:40:18,649 - lddecode - DEBUG - VBI serration levels 4 - Sync tip: 3818.75 kHz, Blanking (ire0): 4123.57 kHz
2025-12-15 17:40:18,735 - lddecode - DEBUG - File Frame 45: VHS 
2025-12-15 17:40:18,885 - lddecode - DEBUG - VBI serration levels 4 - Sync tip: 3818.81 kHz, Blanking (ire0): 4123.33 kHz
2025-12-15 17:40:19,132 - lddecode - DEBUG - VBI serration levels 3 - Sync tip: 3817.12 kHz, Blanking (ire0): 4123.13 kHz
2025-12-15 17:40:19,212 - lddecode - DEBUG - File Frame 46: VHS 
2025-12-15 17:40:19,335 - lddecode - DEBUG - VBI serration levels 4 - Sync tip: 3818.88 kHz, Blanking (ire0): 4123.27 kHz
2025-12-15 17:40:19,532 - lddecode - DEBUG - VBI serration levels 4 - Sync tip: 3818.95 kHz, Blanking (ire0): 4122.82 kHz
2025-12-15 17:40:19,633 - lddecode - DEBUG - File Frame 47: VHS 
2025-12-15 17:40:19,760 - lddecode - DEBUG - VBI serration levels 4 - Sync tip: 3818.86 kHz, Blanking (ire0): 4122.82 kHz
2025-12-15 17:40:20,000 - lddecode - DEBUG - VBI serration levels 4 - Sync tip: 3818.98 kHz, Blanking (ire0): 4123.19 kHz
2025-12-15 17:40:20,121 - lddecode - DEBUG - File Frame 48: VHS 
2025-12-15 17:40:20,261 - lddecode - DEBUG - VBI serration levels 3 - Sync tip: 3820.94 kHz, Blanking (ire0): 4129.27 kHz
2025-12-15 17:40:20,460 - lddecode - DEBUG - VBI serration levels 4 - Sync tip: 3818.76 kHz, Blanking (ire0): 4123.02 kHz
2025-12-15 17:40:20,596 - lddecode - DEBUG - File Frame 49: VHS 
2025-12-15 17:40:20,733 - lddecode - DEBUG - VBI serration levels 3 - Sync tip: 3820.67 kHz, Blanking (ire0): 4129.32 kHz
2025-12-15 17:40:20,953 - lddecode - DEBUG - VBI serration levels 3 - Sync tip: 3817.19 kHz, Blanking (ire0): 4123.13 kHz
2025-12-15 17:40:21,030 - lddecode - DEBUG - File Frame 50: VHS 
