2025-12-15 17:38:55,913 - lddecode - DEBUG - VBI EQ serration pulses search failed (using fallback logic)
2025-12-15 17:38:56,316 - lddecode - DEBUG - VBI serration levels 3 - Sync tip: 3819.05 kHz, Blanking (ire0): 4123.07 kHz
2025-12-15 17:38:56,444 - lddecode - DEBUG - VBI serration levels 3 - Sync tip: 3817.65 kHz, Blanking (ire0): 4123.01 kHz
2025-12-15 17:38:56,514 - lddecode - DEBUG - Trying to detect PAL track phase...
2025-12-15 17:38:56,654 - lddecode - DEBUG - Phase previously set: 0
2025-12-15 17:38:56,654 - lddecode - DEBUG - phase0 mean: 2705.79
2025-12-15 17:38:56,654 - lddecode - DEBUG - phase1 mean: 126.41
2025-12-15 17:38:56,657 - lddecode - DEBUG - assumed_phase: 0
2025-12-15 17:38:56,813 - lddecode - DEBUG - VBI serration levels 4 - Sync tip: 3819.43 kHz, Blanking (ire0): 4123.48 kHz
2025-12-15 17:38:57,015 - lddecode - DEBUG - VBI serration levels 4 - Sync tip: 3819.29 kHz, Blanking (ire0): 4123.34 kHz
2025-12-15 17:38:57,085 - lddecode - DEBUG - File Frame 1: VHS 
2025-12-15 17:38:57,183 - lddecode - DEBUG - VBI serration levels 3 - Sync tip: 3821.10 kHz, Blanking (ire0): 4129.58 kHz
2025-12-15 17:38:57,352 - lddecode - DEBUG - VBI serration levels 4 - Sync tip: 3818.94 kHz, Blanking (ire0): 4123.08 kHz
2025-12-15 17:38:57,428 - lddecode - DEBUG - File Frame 2: VHS 
2025-12-15 17:38:57,562 - lddecode - DEBUG - VBI serration levels 4 - Sync tip: 3818.82 kHz, Blanking (ire0): 4123.05 kHz
2025-12-15 17:38:57,785 - lddecode - DEBUG - VBI serration levels 4 - Sync tip: 3818.57 kHz, Blanking (ire0): 4122.80 kHz
2025-12-15 17:38:57,867 - lddecode - DEBUG - File Frame 3: VHS 
2025-12-15 17:38:57,988 - lddecode - DEBUG - VBI serration levels 4 - Sync tip: 3818.49 kHz, Blanking (ire0): 4123.01 kHz
2025-12-15 17:38:58,224 - lddecode - DEBUG - VBI serration levels 3 - Sync tip: 3817.19 kHz, Blanking (ire0): 4122.11 kHz
2025-12-15 17:38:58,295 - lddecode - DEBUG - File Frame 4: VHS 
2025-12-15 17:38:58,449 - lddecode - DEBUG - VBI serration levels 4 - Sync tip: 3818.76 kHz, Blanking (ire0): 4123.25 kHz
2025-12-15 17:38:58,668 - lddecode - DEBUG - VBI serration levels 4 - Sync tip: 3818.75 kHz, Blanking (ire0): 4123.52 kHz
2025-12-15 17:38:58,742 - lddecode - DEBUG - File Frame 5: VHS 
2025-12-15 17:38:58,884 - lddecode - DEBUG - VBI serration levels 4 - Sync tip: 3818.70 kHz, Blanking (ire0): 4123.71 kHz
2025-12-15 17:38:59,103 - lddecode - DEBUG - VBI serration levels 4 - Sync tip: 3818.52 kHz, Blanking (ire0): 4123.58 kHz
2025-12-15 17:38:59,171 - lddecode - DEBUG - File Frame 6: VHS 
2025-12-15 17:38:59,312 - lddecode - DEBUG - VBI serration levels 4 - Sync tip: 3818.41 kHz, Blanking (ire0): 4123.65 kHz
2025-12-15 17:38:59,529 - lddecode - DEBUG - VBI serration levels 4 - Sync tip: 3818.69 kHz, Blanking (ire0): 4123.98 kHz
2025-12-15 17:38:59,593 - lddecode - DEBUG - File Frame 7: VHS 
2025-12-15 17:38:59,737 - lddecode - DEBUG - VBI serration levels 4 - Sync tip: 3818.67 kHz, Blanking (ire0): 4123.84 kHz
2025-12-15 17:38:59,969 - lddecode - DEBUG - VBI serration levels 4 - Sync tip: 3818.70 kHz, Blanking (ire0): 4123.04 kHz
2025-12-15 17:39:00,033 - lddecode - DEBUG - File Frame 8: VHS 
2025-12-15 17:39:00,205 - lddecode - DEBUG - VBI serration levels 3 - Sync tip: 3820.57 kHz, Blanking (ire0): 4129.44 kHz
2025-12-15 17:39:00,397 - lddecode - DEBUG - VBI serration levels 4 - Sync tip: 3818.27 kHz, Blanking (ire0): 4122.46 kHz
2025-12-15 17:39:00,469 - lddecode - DEBUG - File Frame 9: VHS 
2025-12-15 17:39:00,624 - lddecode - DEBUG - VBI serration levels 4 - Sync tip: 3818.35 kHz, Blanking (ire0): 4121.93 kHz
2025-12-15 17:39:00,864 - lddecode - DEBUG - VBI serration levels 4 - Sync tip: 3818.46 kHz, Blanking (ire0): 4122.16 kHz
2025-12-15 17:39:00,943 - lddecode - DEBUG - File Frame 10: VHS 
2025-12-15 17:39:01,079 - lddecode - DEBUG - VBI serration levels 4 - Sync tip: 3818.79 kHz, Blanking (ire0): 4122.53 kHz
2025-12-15 17:39:01,330 - lddecode - DEBUG - VBI serration levels 3 - Sync tip: 3817.40 kHz, Blanking (ire0): 4122.91 kHz
2025-12-15 17:39:01,394 - lddecode - DEBUG - File Frame 11: VHS 
2025-12-15 17:39:01,556 - lddecode - DEBUG - VBI serration levels 4 - Sync tip: 3818.89 kHz, Blanking (ire0): 4123.29 kHz
2025-12-15 17:39:01,781 - lddecode - DEBUG - VBI serration levels 4 - Sync tip: 3818.72 kHz, Blanking (ire0): 4122.94 kHz
2025-12-15 17:39:01,854 - lddecode - DEBUG - File Frame 12: VHS 
2025-12-15 17:39:02,007 - lddecode - DEBUG - VBI serration levels 3 - Sync tip: 3820.82 kHz, Blanking (ire0): 4129.15 kHz
2025-12-15 17:39:02,228 - lddecode - DEBUG - VBI serration levels 4 - Sync tip: 3818.61 kHz, Blanking (ire0): 4122.95 kHz
2025-12-15 17:39:02,292 - lddecode - DEBUG - File Frame 13: VHS 
2025-12-15 17:39:02,453 - lddecode - DEBUG - VBI serration levels 3 - Sync tip: 3820.71 kHz, Blanking (ire0): 4129.66 kHz
2025-12-15 17:39:02,680 - lddecode - DEBUG - VBI serration levels 4 - Sync tip: 3818.95 kHz, Blanking (ire0): 4123.55 kHz
2025-12-15 17:39:02,739 - lddecode - DEBUG - File Frame 14: VHS 
2025-12-15 17:39:02,889 - lddecode - DEBUG - VBI serration levels 4 - Sync tip: 3819.03 kHz, Blanking (ire0): 4123.41 kHz
2025-12-15 17:39:03,102 - lddecode - DEBUG - VBI serration levels 3 - Sync tip: 3817.42 kHz, Blanking (ire0): 4123.41 kHz
2025-12-15 17:39:03,168 - lddecode - DEBUG - File Frame 15: VHS 
2025-12-15 17:39:03,320 - lddecode - DEBUG - VBI serration levels 4 - Sync tip: 3818.65 kHz, Blanking (ire0): 4123.20 kHz
2025-12-15 17:39:03,547 - lddecode - DEBUG - VBI serration levels 4 - Sync tip: 3818.46 kHz, Blanking (ire0): 4122.57 kHz
2025-12-15 17:39:03,607 - lddecode - DEBUG - File Frame 16: VHS 
2025-12-15 17:39:03,772 - lddecode - DEBUG - VBI serration levels 4 - Sync tip: 3818.53 kHz, Blanking (ire0): 4122.68 kHz
2025-12-15 17:39:03,985 - lddecode - DEBUG - VBI serration levels 4 - Sync tip: 3818.59 kHz, Blanking (ire0): 4122.93 kHz
2025-12-15 17:39:04,059 - lddecode - DEBUG - File Frame 17: VHS 
2025-12-15 17:39:04,209 - lddecode - DEBUG - VBI serration levels 4 - Sync tip: 3818.66 kHz, Blanking (ire0): 4122.71 kHz
2025-12-15 17:39:04,435 - lddecode - DEBUG - VBI serration levels 4 - Sync tip: 3818.38 kHz, Blanking (ire0): 4122.53 kHz
2025-12-15 17:39:04,502 - lddecode - DEBUG - File Frame 18: VHS 
2025-12-15 17:39:04,707 - lddecode - DEBUG - VBI serration levels 4 - Sync tip: 3818.62 kHz, Blanking (ire0): 4123.10 kHz
2025-12-15 17:39:04,960 - lddecode - DEBUG - VBI serration levels 4 - Sync tip: 3819.02 kHz, Blanking (ire0): 4123.77 kHz
2025-12-15 17:39:05,035 - lddecode - DEBUG - File Frame 19: VHS 
2025-12-15 17:39:05,235 - lddecode - DEBUG - VBI serration levels 4 - Sync tip: 3818.92 kHz, Blanking (ire0): 4123.76 kHz
2025-12-15 17:39:05,469 - lddecode - DEBUG - VBI serration levels 4 - Sync tip: 3818.98 kHz, Blanking (ire0): 4123.35 kHz
2025-12-15 17:39:05,539 - lddecode - DEBUG - File Frame 20: VHS 
2025-12-15 17:39:05,735 - lddecode - DEBUG - VBI serration levels 3 - Sync tip: 3821.29 kHz, Blanking (ire0): 4129.45 kHz
2025-12-15 17:39:05,989 - lddecode - DEBUG - VBI serration levels 4 - Sync tip: 3819.13 kHz, Blanking (ire0): 4123.77 kHz
2025-12-15 17:39:06,059 - lddecode - DEBUG - File Frame 21: VHS 
2025-12-15 17:39:06,281 - lddecode - DEBUG - VBI serration levels 4 - Sync tip: 3819.07 kHz, Blanking (ire0): 4123.36 kHz
2025-12-15 17:39:06,617 - lddecode - DEBUG - VBI serration levels 4 - Sync tip: 3818.82 kHz, Blanking (ire0): 4122.80 kHz
2025-12-15 17:39:06,695 - lddecode - DEBUG - File Frame 22: VHS 
2025-12-15 17:39:06,860 - lddecode - DEBUG - VBI serration levels 4 - Sync tip: 3818.78 kHz, Blanking (ire0): 4123.14 kHz
2025-12-15 17:39:07,076 - lddecode - DEBUG - VBI serration levels 3 - Sync tip: 3817.60 kHz, Blanking (ire0): 4124.29 kHz
2025-12-15 17:39:07,152 - lddecode - DEBUG - File Frame 23: VHS 
2025-12-15 17:39:07,303 - lddecode - DEBUG - VBI serration levels 4 - Sync tip: 3819.56 kHz, Blanking (ire0): 4124.24 kHz
2025-12-15 17:39:07,521 - lddecode - DEBUG - VBI serration levels 4 - Sync tip: 3819.44 kHz, Blanking (ire0): 4123.89 kHz
2025-12-15 17:39:07,588 - lddecode - DEBUG - File Frame 24: VHS 
2025-12-15 17:39:07,751 - lddecode - DEBUG - VBI serration levels 3 - Sync tip: 3821.52 kHz, Blanking (ire0): 4129.59 kHz
2025-12-15 17:39:07,961 - lddecode - DEBUG - VBI serration levels 3 - Sync tip: 3817.45 kHz, Blanking (ire0): 4123.79 kHz
2025-12-15 17:39:08,034 - lddecode - DEBUG - File Frame 25: VHS 
2025-12-15 17:39:08,185 - lddecode - DEBUG - VBI serration levels 4 - Sync tip: 3819.17 kHz, Blanking (ire0): 4123.09 kHz
2025-12-15 17:39:08,413 - lddecode - DEBUG - VBI serration levels 4 - Sync tip: 3819.26 kHz, Blanking (ire0): 4122.97 kHz
2025-12-15 17:39:08,477 - lddecode - DEBUG - File Frame 26: VHS 
2025-12-15 17:39:08,633 - lddecode - DEBUG - VBI serration levels 4 - Sync tip: 3818.78 kHz, Blanking (ire0): 4122.97 kHz
2025-12-15 17:39:08,852 - lddecode - DEBUG - VBI serration levels 4 - Sync tip: 3818.20 kHz, Blanking (ire0): 4122.71 kHz
2025-12-15 17:39:08,934 - lddecode - DEBUG - File Frame 27: VHS 
2025-12-15 17:39:09,088 - lddecode - DEBUG - VBI serration levels 4 - Sync tip: 3818.45 kHz, Blanking (ire0): 4123.18 kHz
2025-12-15 17:39:09,314 - lddecode - DEBUG - VBI serration levels 3 - Sync tip: 3816.98 kHz, Blanking (ire0): 4123.37 kHz
2025-12-15 17:39:09,380 - lddecode - DEBUG - File Frame 28: VHS 
2025-12-15 17:39:09,536 - lddecode - DEBUG - VBI serration levels 4 - Sync tip: 3818.29 kHz, Blanking (ire0): 4123.17 kHz
2025-12-15 17:39:09,766 - lddecode - DEBUG - VBI serration levels 4 - Sync tip: 3818.20 kHz, Blanking (ire0): 4122.65 kHz
2025-12-15 17:39:09,843 - lddecode - DEBUG - File Frame 29: VHS 
2025-12-15 17:39:09,979 - lddecode - DEBUG - VBI serration levels 4 - Sync tip: 3818.59 kHz, Blanking (ire0): 4122.68 kHz
2025-12-15 17:39:10,217 - lddecode - DEBUG - VBI serration levels 3 - Sync tip: 3817.24 kHz, Blanking (ire0): 4123.10 kHz
2025-12-15 17:39:10,286 - lddecode - DEBUG - File Frame 30: VHS 
2025-12-15 17:39:10,425 - lddecode - DEBUG - VBI serration levels 4 - Sync tip: 3818.61 kHz, Blanking (ire0): 4122.98 kHz
2025-12-15 17:39:10,651 - lddecode - DEBUG - VBI serration levels 4 - Sync tip: 3818.72 kHz, Blanking (ire0): 4122.81 kHz
2025-12-15 17:39:10,724 - lddecode - DEBUG - File Frame 31: VHS 
2025-12-15 17:39:10,911 - lddecode - DEBUG - VBI serration levels 4 - Sync tip: 3818.57 kHz, Blanking (ire0): 4122.94 kHz
2025-12-15 17:39:11,136 - lddecode - DEBUG - VBI serration levels 4 - Sync tip: 3818.29 kHz, Blanking (ire0): 4122.96 kHz
2025-12-15 17:39:11,202 - lddecode - DEBUG - File Frame 32: VHS 
2025-12-15 17:39:11,398 - lddecode - DEBUG - VBI serration levels 4 - Sync tip: 3818.74 kHz, Blanking (ire0): 4123.36 kHz
2025-12-15 17:39:11,616 - lddecode - DEBUG - VBI serration levels 4 - Sync tip: 3819.28 kHz, Blanking (ire0): 4123.74 kHz
2025-12-15 17:39:11,697 - lddecode - DEBUG - File Frame 33: VHS 
2025-12-15 17:39:11,854 - lddecode - DEBUG - VBI serration levels 4 - Sync tip: 3819.28 kHz, Blanking (ire0): 4123.52 kHz
2025-12-15 17:39:12,098 - lddecode - DEBUG - VBI serration levels 3 - Sync tip: 3817.70 kHz, Blanking (ire0): 4123.05 kHz
2025-12-15 17:39:12,164 - lddecode - DEBUG - File Frame 34: VHS 
2025-12-15 17:39:12,334 - lddecode - DEBUG - VBI serration levels 4 - Sync tip: 3818.83 kHz, Blanking (ire0): 4122.73 kHz
2025-12-15 17:39:12,548 - lddecode - DEBUG - VBI serration levels 3 - Sync tip: 3817.67 kHz, Blanking (ire0): 4123.38 kHz
2025-12-15 17:39:12,614 - lddecode - DEBUG - File Frame 35: VHS 
2025-12-15 17:39:12,776 - lddecode - DEBUG - VBI serration levels 4 - Sync tip: 3818.83 kHz, Blanking (ire0): 4123.40 kHz
2025-12-15 17:39:12,977 - lddecode - DEBUG - VBI serration levels 4 - Sync tip: 3818.54 kHz, Blanking (ire0): 4123.08 kHz
2025-12-15 17:39:13,041 - lddecode - DEBUG - File Frame 36: VHS 
2025-12-15 17:39:13,200 - lddecode - DEBUG - VBI serration levels 3 - Sync tip: 3820.65 kHz, Blanking (ire0): 4129.51 kHz
2025-12-15 17:39:13,426 - lddecode - DEBUG - VBI serration levels 4 - Sync tip: 3818.72 kHz, Blanking (ire0): 4123.02 kHz
2025-12-15 17:39:13,495 - lddecode - DEBUG - File Frame 37: VHS 
2025-12-15 17:39:13,648 - lddecode - DEBUG - VBI serration levels 3 - Sync tip: 3820.68 kHz, Blanking (ire0): 4129.68 kHz
2025-12-15 17:39:13,866 - lddecode - DEBUG - VBI serration levels 3 - Sync tip: 3817.45 kHz, Blanking (ire0): 4122.61 kHz
2025-12-15 17:39:13,944 - lddecode - DEBUG - File Frame 38: VHS 
2025-12-15 17:39:14,072 - lddecode - DEBUG - VBI serration levels 4 - Sync tip: 3819.14 kHz, Blanking (ire0): 4122.55 kHz
2025-12-15 17:39:14,292 - lddecode - DEBUG - VBI serration levels 3 - Sync tip: 3817.42 kHz, Blanking (ire0): 4123.06 kHz
2025-12-15 17:39:14,362 - lddecode - DEBUG - File Frame 39: VHS 
2025-12-15 17:39:14,520 - lddecode - DEBUG - VBI serration levels 4 - Sync tip: 3818.55 kHz, Blanking (ire0): 4122.91 kHz
2025-12-15 17:39:14,734 - lddecode - DEBUG - VBI serration levels 3 - Sync tip: 3817.24 kHz, Blanking (ire0): 4123.03 kHz
2025-12-15 17:39:14,804 - lddecode - DEBUG - File Frame 40: VHS 
2025-12-15 17:39:14,961 - lddecode - DEBUG - VBI serration levels 3 - Sync tip: 3821.05 kHz, Blanking (ire0): 4129.38 kHz
2025-12-15 17:39:15,163 - lddecode - DEBUG - VBI serration levels 4 - Sync tip: 3819.16 kHz, Blanking (ire0): 4123.95 kHz
2025-12-15 17:39:15,241 - lddecode - DEBUG - File Frame 41: VHS 
2025-12-15 17:39:15,394 - lddecode - DEBUG - VBI serration levels 4 - Sync tip: 3819.09 kHz, Blanking (ire0): 4123.53 kHz
2025-12-15 17:39:15,614 - lddecode - DEBUG - VBI serration levels 4 - Sync tip: 3819.36 kHz, Blanking (ire0): 4123.38 kHz
2025-12-15 17:39:15,688 - lddecode - DEBUG - File Frame 42: VHS 
2025-12-15 17:39:15,821 - lddecode - DEBUG - VBI serration levels 4 - Sync tip: 3819.29 kHz, Blanking (ire0): 4123.29 kHz
2025-12-15 17:39:16,040 - lddecode - DEBUG - VBI serration levels 4 - Sync tip: 3818.88 kHz, Blanking (ire0): 4123.01 kHz
2025-12-15 17:39:16,108 - lddecode - DEBUG - File Frame 43: VHS 
2025-12-15 17:39:16,292 - lddecode - DEBUG - VBI serration levels 4 - Sync tip: 3818.58 kHz, Blanking (ire0): 4122.84 kHz
2025-12-15 17:39:16,496 - lddecode - DEBUG - VBI serration levels 4 - Sync tip: 3818.46 kHz, Blanking (ire0): 4123.04 kHz
2025-12-15 17:39:16,563 - lddecode - DEBUG - File Frame 44: VHS 
2025-12-15 17:39:16,716 - lddecode - DEBUG - VBI serration levels 4 - Sync tip: 3818.61 kHz, Blanking (ire0): 4123.37 kHz
2025-12-15 17:39:16,963 - lddecode - DEBUG - VBI serration levels 4 - Sync tip: 3818.75 kHz, Blanking (ire0): 4123.57 kHz
2025-12-15 17:39:17,033 - lddecode - DEBUG - File Frame 45: VHS 
2025-12-15 17:39:17,188 - lddecode - DEBUG - VBI serration levels 4 - Sync tip: 3818.81 kHz, Blanking (ire0): 4123.33 kHz
2025-12-15 17:39:17,418 - lddecode - DEBUG - VBI serration levels 3 - Sync tip: 3817.12 kHz, Blanking (ire0): 4123.13 kHz
2025-12-15 17:39:17,490 - lddecode - DEBUG - File Frame 46: VHS 
2025-12-15 17:39:17,639 - lddecode - DEBUG - VBI serration levels 4 - Sync tip: 3818.88 kHz, Blanking (ire0): 4123.27 kHz
2025-12-15 17:39:17,842 - lddecode - DEBUG - VBI serration levels 4 - Sync tip: 3818.95 kHz, Blanking (ire0): 4122.82 kHz
2025-12-15 17:39:17,910 - lddecode - DEBUG - File Frame 47: VHS 
2025-12-15 17:39:18,087 - lddecode - DEBUG - VBI serration levels 4 - Sync tip: 3818.86 kHz, Blanking (ire0): 4122.82 kHz
2025-12-15 17:39:18,313 - lddecode - DEBUG - VBI serration levels 4 - Sync tip: 3818.98 kHz, Blanking (ire0): 4123.19 kHz
2025-12-15 17:39:18,378 - lddecode - DEBUG - File Frame 48: VHS 
2025-12-15 17:39:18,534 - lddecode - DEBUG - VBI serration levels 3 - Sync tip: 3820.94 kHz, Blanking (ire0): 4129.27 kHz
2025-12-15 17:39:18,752 - lddecode - DEBUG - VBI serration levels 4 - Sync tip: 3818.76 kHz, Blanking (ire0): 4123.02 kHz
2025-12-15 17:39:18,815 - lddecode - DEBUG - File Frame 49: VHS 
2025-12-15 17:39:18,985 - lddecode - DEBUG - VBI serration levels 3 - Sync tip: 3820.67 kHz, Blanking (ire0): 4129.32 kHz
2025-12-15 17:39:19,199 - lddecode - DEBUG - VBI serration levels 3 - Sync tip: 3817.19 kHz, Blanking (ire0): 4123.13 kHz
2025-12-15 17:39:19,277 - lddecode - DEBUG - File Frame 50: VHS 
