2025-12-15 17:09:14,463 - lddecode - DEBUG - VBI EQ serration pulses search failed (using fallback logic)
2025-12-15 17:09:14,915 - lddecode - DEBUG - VBI serration levels 3 - Sync tip: 3819.05 kHz, Blanking (ire0): 4123.07 kHz
2025-12-15 17:09:15,041 - lddecode - DEBUG - VBI serration levels 3 - Sync tip: 3817.65 kHz, Blanking (ire0): 4123.01 kHz
2025-12-15 17:09:15,128 - lddecode - DEBUG - Trying to detect PAL track phase...
2025-12-15 17:09:15,284 - lddecode - DEBUG - Phase previously set: 0
2025-12-15 17:09:15,284 - lddecode - DEBUG - phase0 mean: 2705.79
2025-12-15 17:09:15,284 - lddecode - DEBUG - phase1 mean: 126.41
2025-12-15 17:09:15,284 - lddecode - DEBUG - assumed_phase: 0
2025-12-15 17:09:15,448 - lddecode - DEBUG - VBI serration levels 4 - Sync tip: 3819.43 kHz, Blanking (ire0): 4123.48 kHz
2025-12-15 17:09:15,680 - lddecode - DEBUG - VBI serration levels 4 - Sync tip: 3819.29 kHz, Blanking (ire0): 4123.34 kHz
2025-12-15 17:09:15,760 - lddecode - DEBUG - File Frame 1: VHS 
2025-12-15 17:09:15,916 - lddecode - DEBUG - VBI serration levels 3 - Sync tip: 3821.10 kHz, Blanking (ire0): 4129.58 kHz
2025-12-15 17:09:16,133 - lddecode - DEBUG - VBI serration levels 4 - Sync tip: 3818.94 kHz, Blanking (ire0): 4123.08 kHz
2025-12-15 17:09:16,224 - lddecode - DEBUG - File Frame 2: VHS 
2025-12-15 17:09:16,390 - lddecode - DEBUG - VBI serration levels 4 - Sync tip: 3818.82 kHz, Blanking (ire0): 4123.05 kHz
2025-12-15 17:09:16,612 - lddecode - DEBUG - VBI serration levels 4 - Sync tip: 3818.57 kHz, Blanking (ire0): 4122.80 kHz
2025-12-15 17:09:16,680 - lddecode - DEBUG - File Frame 3: VHS 
2025-12-15 17:09:16,843 - lddecode - DEBUG - VBI serration levels 4 - Sync tip: 3818.49 kHz, Blanking (ire0): 4123.01 kHz
2025-12-15 17:09:17,072 - lddecode - DEBUG - VBI serration levels 3 - Sync tip: 3817.19 kHz, Blanking (ire0): 4122.11 kHz
2025-12-15 17:09:17,177 - lddecode - DEBUG - File Frame 4: VHS 
2025-12-15 17:09:17,300 - lddecode - DEBUG - VBI serration levels 4 - Sync tip: 3818.76 kHz, Blanking (ire0): 4123.25 kHz
2025-12-15 17:09:17,488 - lddecode - DEBUG - VBI serration levels 4 - Sync tip: 3818.75 kHz, Blanking (ire0): 4123.52 kHz
2025-12-15 17:09:17,578 - lddecode - DEBUG - File Frame 5: VHS 
2025-12-15 17:09:17,704 - lddecode - DEBUG - VBI serration levels 4 - Sync tip: 3818.70 kHz, Blanking (ire0): 4123.71 kHz
2025-12-15 17:09:17,953 - lddecode - DEBUG - VBI serration levels 4 - Sync tip: 3818.52 kHz, Blanking (ire0): 4123.58 kHz
2025-12-15 17:09:18,032 - lddecode - DEBUG - File Frame 6: VHS 
2025-12-15 17:09:18,124 - lddecode - DEBUG - VBI serration levels 4 - Sync tip: 3818.41 kHz, Blanking (ire0): 4123.65 kHz
2025-12-15 17:09:18,348 - lddecode - DEBUG - VBI serration levels 4 - Sync tip: 3818.69 kHz, Blanking (ire0): 4123.98 kHz
2025-12-15 17:09:18,446 - lddecode - DEBUG - File Frame 7: VHS 
2025-12-15 17:09:18,596 - lddecode - DEBUG - VBI serration levels 4 - Sync tip: 3818.67 kHz, Blanking (ire0): 4123.84 kHz
2025-12-15 17:09:18,825 - lddecode - DEBUG - VBI serration levels 4 - Sync tip: 3818.70 kHz, Blanking (ire0): 4123.04 kHz
2025-12-15 17:09:18,922 - lddecode - DEBUG - File Frame 8: VHS 
2025-12-15 17:09:19,080 - lddecode - DEBUG - VBI serration levels 3 - Sync tip: 3820.57 kHz, Blanking (ire0): 4129.44 kHz
2025-12-15 17:09:19,274 - lddecode - DEBUG - VBI serration levels 4 - Sync tip: 3818.27 kHz, Blanking (ire0): 4122.46 kHz
2025-12-15 17:09:19,349 - lddecode - DEBUG - File Frame 9: VHS 
2025-12-15 17:09:19,469 - lddecode - DEBUG - VBI serration levels 4 - Sync tip: 3818.35 kHz, Blanking (ire0): 4121.93 kHz
2025-12-15 17:09:19,694 - lddecode - DEBUG - VBI serration levels 4 - Sync tip: 3818.46 kHz, Blanking (ire0): 4122.16 kHz
2025-12-15 17:09:19,803 - lddecode - DEBUG - File Frame 10: VHS 
2025-12-15 17:09:19,943 - lddecode - DEBUG - VBI serration levels 4 - Sync tip: 3818.79 kHz, Blanking (ire0): 4122.53 kHz
2025-12-15 17:09:20,118 - lddecode - DEBUG - VBI serration levels 3 - Sync tip: 3817.40 kHz, Blanking (ire0): 4122.91 kHz
2025-12-15 17:09:20,193 - lddecode - DEBUG - File Frame 11: VHS 
2025-12-15 17:09:20,328 - lddecode - DEBUG - VBI serration levels 4 - Sync tip: 3818.89 kHz, Blanking (ire0): 4123.29 kHz
2025-12-15 17:09:20,532 - lddecode - DEBUG - VBI serration levels 4 - Sync tip: 3818.72 kHz, Blanking (ire0): 4122.94 kHz
2025-12-15 17:09:20,619 - lddecode - DEBUG - File Frame 12: VHS 
2025-12-15 17:09:20,780 - lddecode - DEBUG - VBI serration levels 3 - Sync tip: 3820.82 kHz, Blanking (ire0): 4129.15 kHz
2025-12-15 17:09:21,008 - lddecode - DEBUG - VBI serration levels 4 - Sync tip: 3818.61 kHz, Blanking (ire0): 4122.95 kHz
2025-12-15 17:09:21,102 - lddecode - DEBUG - File Frame 13: VHS 
2025-12-15 17:09:21,216 - lddecode - DEBUG - VBI serration levels 3 - Sync tip: 3820.71 kHz, Blanking (ire0): 4129.66 kHz
2025-12-15 17:09:21,493 - lddecode - DEBUG - VBI serration levels 4 - Sync tip: 3818.95 kHz, Blanking (ire0): 4123.55 kHz
2025-12-15 17:09:21,574 - lddecode - DEBUG - File Frame 14: VHS 
2025-12-15 17:09:21,708 - lddecode - DEBUG - VBI serration levels 4 - Sync tip: 3819.03 kHz, Blanking (ire0): 4123.41 kHz
2025-12-15 17:09:21,947 - lddecode - DEBUG - VBI serration levels 3 - Sync tip: 3817.42 kHz, Blanking (ire0): 4123.41 kHz
2025-12-15 17:09:22,029 - lddecode - DEBUG - File Frame 15: VHS 
2025-12-15 17:09:22,153 - lddecode - DEBUG - VBI serration levels 4 - Sync tip: 3818.65 kHz, Blanking (ire0): 4123.20 kHz
2025-12-15 17:09:22,395 - lddecode - DEBUG - VBI serration levels 4 - Sync tip: 3818.46 kHz, Blanking (ire0): 4122.57 kHz
2025-12-15 17:09:22,488 - lddecode - DEBUG - File Frame 16: VHS 
2025-12-15 17:09:22,630 - lddecode - DEBUG - VBI serration levels 4 - Sync tip: 3818.53 kHz, Blanking (ire0): 4122.68 kHz
2025-12-15 17:09:22,852 - lddecode - DEBUG - VBI serration levels 4 - Sync tip: 3818.59 kHz, Blanking (ire0): 4122.93 kHz
2025-12-15 17:09:22,956 - lddecode - DEBUG - File Frame 17: VHS 
2025-12-15 17:09:23,086 - lddecode - DEBUG - VBI serration levels 4 - Sync tip: 3818.66 kHz, Blanking (ire0): 4122.71 kHz
2025-12-15 17:09:23,336 - lddecode - DEBUG - VBI serration levels 4 - Sync tip: 3818.38 kHz, Blanking (ire0): 4122.53 kHz
2025-12-15 17:09:23,423 - lddecode - DEBUG - File Frame 18: VHS 
2025-12-15 17:09:23,578 - lddecode - DEBUG - VBI serration levels 4 - Sync tip: 3818.62 kHz, Blanking (ire0): 4123.10 kHz
2025-12-15 17:09:23,862 - lddecode - DEBUG - VBI serration levels 4 - Sync tip: 3819.02 kHz, Blanking (ire0): 4123.77 kHz
2025-12-15 17:09:23,946 - lddecode - DEBUG - File Frame 19: VHS 
2025-12-15 17:09:24,092 - lddecode - DEBUG - VBI serration levels 4 - Sync tip: 3818.92 kHz, Blanking (ire0): 4123.76 kHz
2025-12-15 17:09:24,336 - lddecode - DEBUG - VBI serration levels 4 - Sync tip: 3818.98 kHz, Blanking (ire0): 4123.35 kHz
2025-12-15 17:09:24,418 - lddecode - DEBUG - File Frame 20: VHS 
2025-12-15 17:09:24,558 - lddecode - DEBUG - VBI serration levels 3 - Sync tip: 3821.29 kHz, Blanking (ire0): 4129.45 kHz
2025-12-15 17:09:24,778 - lddecode - DEBUG - VBI serration levels 4 - Sync tip: 3819.13 kHz, Blanking (ire0): 4123.77 kHz
2025-12-15 17:09:24,858 - lddecode - DEBUG - File Frame 21: VHS 
2025-12-15 17:09:24,988 - lddecode - DEBUG - VBI serration levels 4 - Sync tip: 3819.07 kHz, Blanking (ire0): 4123.36 kHz
2025-12-15 17:09:25,246 - lddecode - DEBUG - VBI serration levels 4 - Sync tip: 3818.82 kHz, Blanking (ire0): 4122.80 kHz
2025-12-15 17:09:25,326 - lddecode - DEBUG - File Frame 22: VHS 
2025-12-15 17:09:25,454 - lddecode - DEBUG - VBI serration levels 4 - Sync tip: 3818.78 kHz, Blanking (ire0): 4123.14 kHz
2025-12-15 17:09:25,668 - lddecode - DEBUG - VBI serration levels 3 - Sync tip: 3817.60 kHz, Blanking (ire0): 4124.29 kHz
2025-12-15 17:09:25,758 - lddecode - DEBUG - File Frame 23: VHS 
2025-12-15 17:09:25,892 - lddecode - DEBUG - VBI serration levels 4 - Sync tip: 3819.56 kHz, Blanking (ire0): 4124.24 kHz
2025-12-15 17:09:26,118 - lddecode - DEBUG - VBI serration levels 4 - Sync tip: 3819.44 kHz, Blanking (ire0): 4123.89 kHz
2025-12-15 17:09:26,196 - lddecode - DEBUG - File Frame 24: VHS 
2025-12-15 17:09:26,341 - lddecode - DEBUG - VBI serration levels 3 - Sync tip: 3821.52 kHz, Blanking (ire0): 4129.59 kHz
2025-12-15 17:09:26,586 - lddecode - DEBUG - VBI serration levels 3 - Sync tip: 3817.45 kHz, Blanking (ire0): 4123.79 kHz
2025-12-15 17:09:26,666 - lddecode - DEBUG - File Frame 25: VHS 
2025-12-15 17:09:26,820 - lddecode - DEBUG - VBI serration levels 4 - Sync tip: 3819.17 kHz, Blanking (ire0): 4123.09 kHz
2025-12-15 17:09:27,053 - lddecode - DEBUG - VBI serration levels 3 - Sync tip: 3817.67 kHz, Blanking (ire0): 4123.47 kHz
2025-12-15 17:09:27,134 - lddecode - DEBUG - File Frame 26: VHS 
2025-12-15 17:09:27,258 - lddecode - DEBUG - VBI serration levels 4 - Sync tip: 3818.78 kHz, Blanking (ire0): 4122.97 kHz
2025-12-15 17:09:27,478 - lddecode - DEBUG - VBI serration levels 4 - Sync tip: 3818.20 kHz, Blanking (ire0): 4122.71 kHz
2025-12-15 17:09:27,579 - lddecode - DEBUG - File Frame 27: VHS 
2025-12-15 17:09:27,738 - lddecode - DEBUG - VBI serration levels 4 - Sync tip: 3818.45 kHz, Blanking (ire0): 4123.18 kHz
2025-12-15 17:09:27,956 - lddecode - DEBUG - VBI serration levels 3 - Sync tip: 3816.98 kHz, Blanking (ire0): 4123.37 kHz
2025-12-15 17:09:28,068 - lddecode - DEBUG - File Frame 28: VHS 
2025-12-15 17:09:28,192 - lddecode - DEBUG - VBI serration levels 4 - Sync tip: 3818.29 kHz, Blanking (ire0): 4123.17 kHz
2025-12-15 17:09:28,444 - lddecode - DEBUG - VBI serration levels 4 - Sync tip: 3818.20 kHz, Blanking (ire0): 4122.65 kHz
2025-12-15 17:09:28,532 - lddecode - DEBUG - File Frame 29: VHS 
2025-12-15 17:09:28,654 - lddecode - DEBUG - VBI serration levels 4 - Sync tip: 3818.59 kHz, Blanking (ire0): 4122.68 kHz
2025-12-15 17:09:28,870 - lddecode - DEBUG - VBI serration levels 3 - Sync tip: 3817.24 kHz, Blanking (ire0): 4123.10 kHz
2025-12-15 17:09:28,952 - lddecode - DEBUG - File Frame 30: VHS 
2025-12-15 17:09:29,108 - lddecode - DEBUG - VBI serration levels 4 - Sync tip: 3818.61 kHz, Blanking (ire0): 4122.98 kHz
2025-12-15 17:09:29,346 - lddecode - DEBUG - VBI serration levels 4 - Sync tip: 3818.72 kHz, Blanking (ire0): 4122.81 kHz
2025-12-15 17:09:29,451 - lddecode - DEBUG - File Frame 31: VHS 
2025-12-15 17:09:29,587 - lddecode - DEBUG - VBI serration levels 4 - Sync tip: 3818.57 kHz, Blanking (ire0): 4122.94 kHz
2025-12-15 17:09:29,828 - lddecode - DEBUG - VBI serration levels 4 - Sync tip: 3818.29 kHz, Blanking (ire0): 4122.96 kHz
2025-12-15 17:09:29,915 - lddecode - DEBUG - File Frame 32: VHS 
2025-12-15 17:09:30,061 - lddecode - DEBUG - VBI serration levels 4 - Sync tip: 3818.74 kHz, Blanking (ire0): 4123.36 kHz
2025-12-15 17:09:30,276 - lddecode - DEBUG - VBI serration levels 4 - Sync tip: 3819.28 kHz, Blanking (ire0): 4123.74 kHz
2025-12-15 17:09:30,381 - lddecode - DEBUG - File Frame 33: VHS 
2025-12-15 17:09:30,538 - lddecode - DEBUG - VBI serration levels 4 - Sync tip: 3819.28 kHz, Blanking (ire0): 4123.52 kHz
2025-12-15 17:09:30,764 - lddecode - DEBUG - VBI serration levels 3 - Sync tip: 3817.70 kHz, Blanking (ire0): 4123.05 kHz
2025-12-15 17:09:30,874 - lddecode - DEBUG - File Frame 34: VHS 
2025-12-15 17:09:31,026 - lddecode - DEBUG - VBI serration levels 4 - Sync tip: 3818.83 kHz, Blanking (ire0): 4122.73 kHz
2025-12-15 17:09:31,246 - lddecode - DEBUG - VBI serration levels 3 - Sync tip: 3817.67 kHz, Blanking (ire0): 4123.38 kHz
2025-12-15 17:09:31,332 - lddecode - DEBUG - File Frame 35: VHS 
2025-12-15 17:09:31,470 - lddecode - DEBUG - VBI serration levels 4 - Sync tip: 3818.83 kHz, Blanking (ire0): 4123.40 kHz
2025-12-15 17:09:31,714 - lddecode - DEBUG - VBI serration levels 4 - Sync tip: 3818.54 kHz, Blanking (ire0): 4123.08 kHz
2025-12-15 17:09:31,791 - lddecode - DEBUG - File Frame 36: VHS 
2025-12-15 17:09:31,940 - lddecode - DEBUG - VBI serration levels 3 - Sync tip: 3820.65 kHz, Blanking (ire0): 4129.51 kHz
2025-12-15 17:09:32,171 - lddecode - DEBUG - VBI serration levels 3 - Sync tip: 3817.28 kHz, Blanking (ire0): 4122.52 kHz
2025-12-15 17:09:32,260 - lddecode - DEBUG - File Frame 37: VHS 
2025-12-15 17:09:32,405 - lddecode - DEBUG - VBI serration levels 3 - Sync tip: 3820.68 kHz, Blanking (ire0): 4129.68 kHz
2025-12-15 17:09:32,642 - lddecode - DEBUG - VBI serration levels 3 - Sync tip: 3817.45 kHz, Blanking (ire0): 4122.61 kHz
2025-12-15 17:09:32,722 - lddecode - DEBUG - File Frame 38: VHS 
2025-12-15 17:09:32,846 - lddecode - DEBUG - VBI serration levels 4 - Sync tip: 3819.14 kHz, Blanking (ire0): 4122.55 kHz
2025-12-15 17:09:33,085 - lddecode - DEBUG - VBI serration levels 3 - Sync tip: 3817.42 kHz, Blanking (ire0): 4123.06 kHz
2025-12-15 17:09:33,171 - lddecode - DEBUG - File Frame 39: VHS 
2025-12-15 17:09:33,318 - lddecode - DEBUG - VBI serration levels 4 - Sync tip: 3818.55 kHz, Blanking (ire0): 4122.91 kHz
2025-12-15 17:09:33,582 - lddecode - DEBUG - VBI serration levels 3 - Sync tip: 3817.24 kHz, Blanking (ire0): 4123.03 kHz
2025-12-15 17:09:33,690 - lddecode - DEBUG - File Frame 40: VHS 
2025-12-15 17:09:33,839 - lddecode - DEBUG - VBI serration levels 3 - Sync tip: 3821.05 kHz, Blanking (ire0): 4129.38 kHz
2025-12-15 17:09:34,110 - lddecode - DEBUG - VBI serration levels 4 - Sync tip: 3819.16 kHz, Blanking (ire0): 4123.95 kHz
2025-12-15 17:09:34,204 - lddecode - DEBUG - File Frame 41: VHS 
2025-12-15 17:09:34,338 - lddecode - DEBUG - VBI serration levels 4 - Sync tip: 3819.09 kHz, Blanking (ire0): 4123.53 kHz
2025-12-15 17:09:34,555 - lddecode - DEBUG - VBI serration levels 4 - Sync tip: 3819.36 kHz, Blanking (ire0): 4123.38 kHz
2025-12-15 17:09:34,641 - lddecode - DEBUG - File Frame 42: VHS 
2025-12-15 17:09:34,800 - lddecode - DEBUG - VBI serration levels 4 - Sync tip: 3819.29 kHz, Blanking (ire0): 4123.29 kHz
2025-12-15 17:09:35,014 - lddecode - DEBUG - VBI serration levels 4 - Sync tip: 3818.88 kHz, Blanking (ire0): 4123.01 kHz
2025-12-15 17:09:35,116 - lddecode - DEBUG - File Frame 43: VHS 
2025-12-15 17:09:35,235 - lddecode - DEBUG - VBI serration levels 4 - Sync tip: 3818.58 kHz, Blanking (ire0): 4122.84 kHz
2025-12-15 17:09:35,477 - lddecode - DEBUG - VBI serration levels 4 - Sync tip: 3818.46 kHz, Blanking (ire0): 4123.04 kHz
2025-12-15 17:09:35,558 - lddecode - DEBUG - File Frame 44: VHS 
2025-12-15 17:09:35,702 - lddecode - DEBUG - VBI serration levels 4 - Sync tip: 3818.61 kHz, Blanking (ire0): 4123.37 kHz
2025-12-15 17:09:35,951 - lddecode - DEBUG - VBI serration levels 4 - Sync tip: 3818.75 kHz, Blanking (ire0): 4123.57 kHz
2025-12-15 17:09:36,046 - lddecode - DEBUG - File Frame 45: VHS 
2025-12-15 17:09:36,208 - lddecode - DEBUG - VBI serration levels 4 - Sync tip: 3818.81 kHz, Blanking (ire0): 4123.33 kHz
2025-12-15 17:09:36,462 - lddecode - DEBUG - VBI serration levels 3 - Sync tip: 3817.12 kHz, Blanking (ire0): 4123.13 kHz
2025-12-15 17:09:36,568 - lddecode - DEBUG - File Frame 46: VHS 
2025-12-15 17:09:36,712 - lddecode - DEBUG - VBI serration levels 4 - Sync tip: 3818.88 kHz, Blanking (ire0): 4123.27 kHz
2025-12-15 17:09:36,944 - lddecode - DEBUG - VBI serration levels 4 - Sync tip: 3818.95 kHz, Blanking (ire0): 4122.82 kHz
2025-12-15 17:09:37,030 - lddecode - DEBUG - File Frame 47: VHS 
2025-12-15 17:09:37,168 - lddecode - DEBUG - VBI serration levels 4 - Sync tip: 3818.86 kHz, Blanking (ire0): 4122.82 kHz
2025-12-15 17:09:37,408 - lddecode - DEBUG - VBI serration levels 4 - Sync tip: 3818.98 kHz, Blanking (ire0): 4123.19 kHz
2025-12-15 17:09:37,488 - lddecode - DEBUG - File Frame 48: VHS 
2025-12-15 17:09:37,613 - lddecode - DEBUG - VBI serration levels 3 - Sync tip: 3820.94 kHz, Blanking (ire0): 4129.27 kHz
2025-12-15 17:09:37,815 - lddecode - DEBUG - VBI serration levels 4 - Sync tip: 3818.76 kHz, Blanking (ire0): 4123.02 kHz
2025-12-15 17:09:37,911 - lddecode - DEBUG - File Frame 49: VHS 
2025-12-15 17:09:38,046 - lddecode - DEBUG - VBI serration levels 3 - Sync tip: 3820.67 kHz, Blanking (ire0): 4129.32 kHz
2025-12-15 17:09:38,240 - lddecode - DEBUG - VBI serration levels 3 - Sync tip: 3817.19 kHz, Blanking (ire0): 4123.13 kHz
2025-12-15 17:09:38,320 - lddecode - DEBUG - File Frame 50: VHS 
2025-12-15 17:09:38,322 - lddecode - WARNING - Could not print GPU profiling summary: 'charmap' codec can't encode character '\u2192' in position 5: character maps to <undefined>
