2025-12-15 18:13:41,675 - lddecode - DEBUG - VBI EQ serration pulses search failed (using fallback logic)
2025-12-15 18:13:42,217 - lddecode - DEBUG - VBI serration levels 3 - Sync tip: 3819.05 kHz, Blanking (ire0): 4123.07 kHz
2025-12-15 18:13:42,347 - lddecode - DEBUG - VBI serration levels 3 - Sync tip: 3817.65 kHz, Blanking (ire0): 4123.01 kHz
2025-12-15 18:13:42,474 - lddecode - DEBUG - Trying to detect PAL track phase...
2025-12-15 18:13:42,603 - lddecode - DEBUG - Phase previously set: 0
2025-12-15 18:13:42,603 - lddecode - DEBUG - phase0 mean: 2171.23
2025-12-15 18:13:42,603 - lddecode - DEBUG - phase1 mean: 131.91
2025-12-15 18:13:42,603 - lddecode - DEBUG - assumed_phase: 0
2025-12-15 18:13:42,880 - lddecode - DEBUG - VBI serration levels 4 - Sync tip: 3819.43 kHz, Blanking (ire0): 4123.48 kHz
2025-12-15 18:13:43,101 - lddecode - DEBUG - VBI serration levels 4 - Sync tip: 3819.29 kHz, Blanking (ire0): 4123.34 kHz
2025-12-15 18:13:43,207 - lddecode - DEBUG - File Frame 1: VHS 
2025-12-15 18:13:43,391 - lddecode - DEBUG - VBI serration levels 3 - Sync tip: 3821.10 kHz, Blanking (ire0): 4129.58 kHz
2025-12-15 18:13:43,683 - lddecode - DEBUG - VBI serration levels 4 - Sync tip: 3818.94 kHz, Blanking (ire0): 4123.08 kHz
2025-12-15 18:13:43,810 - lddecode - DEBUG - File Frame 2: VHS 
2025-12-15 18:13:44,055 - lddecode - DEBUG - VBI serration levels 4 - Sync tip: 3818.82 kHz, Blanking (ire0): 4123.05 kHz
2025-12-15 18:13:44,289 - lddecode - DEBUG - VBI serration levels 4 - Sync tip: 3818.57 kHz, Blanking (ire0): 4122.80 kHz
2025-12-15 18:13:44,363 - lddecode - DEBUG - File Frame 3: VHS 
2025-12-15 18:13:44,512 - lddecode - DEBUG - VBI serration levels 4 - Sync tip: 3818.49 kHz, Blanking (ire0): 4123.01 kHz
2025-12-15 18:13:44,795 - lddecode - DEBUG - VBI serration levels 3 - Sync tip: 3817.19 kHz, Blanking (ire0): 4122.11 kHz
2025-12-15 18:13:44,865 - lddecode - DEBUG - File Frame 4: VHS 
2025-12-15 18:13:45,011 - lddecode - DEBUG - VBI serration levels 4 - Sync tip: 3818.76 kHz, Blanking (ire0): 4123.25 kHz
2025-12-15 18:13:45,236 - lddecode - DEBUG - VBI serration levels 4 - Sync tip: 3818.75 kHz, Blanking (ire0): 4123.52 kHz
2025-12-15 18:13:45,355 - lddecode - DEBUG - File Frame 5: VHS 
2025-12-15 18:13:45,547 - lddecode - DEBUG - VBI serration levels 4 - Sync tip: 3818.70 kHz, Blanking (ire0): 4123.71 kHz
2025-12-15 18:13:45,775 - lddecode - DEBUG - VBI serration levels 4 - Sync tip: 3818.52 kHz, Blanking (ire0): 4123.58 kHz
2025-12-15 18:13:45,878 - lddecode - DEBUG - File Frame 6: VHS 
2025-12-15 18:13:46,053 - lddecode - DEBUG - VBI serration levels 4 - Sync tip: 3818.41 kHz, Blanking (ire0): 4123.65 kHz
2025-12-15 18:13:46,247 - lddecode - DEBUG - VBI serration levels 4 - Sync tip: 3818.69 kHz, Blanking (ire0): 4123.98 kHz
2025-12-15 18:13:46,339 - lddecode - DEBUG - File Frame 7: VHS 
2025-12-15 18:13:46,583 - lddecode - DEBUG - VBI serration levels 4 - Sync tip: 3818.67 kHz, Blanking (ire0): 4123.84 kHz
2025-12-15 18:13:46,805 - lddecode - DEBUG - VBI serration levels 4 - Sync tip: 3818.70 kHz, Blanking (ire0): 4123.04 kHz
2025-12-15 18:13:46,897 - lddecode - DEBUG - File Frame 8: VHS 
2025-12-15 18:13:47,085 - lddecode - DEBUG - VBI serration levels 3 - Sync tip: 3820.57 kHz, Blanking (ire0): 4129.44 kHz
2025-12-15 18:13:47,289 - lddecode - DEBUG - VBI serration levels 4 - Sync tip: 3818.27 kHz, Blanking (ire0): 4122.46 kHz
2025-12-15 18:13:47,384 - lddecode - DEBUG - File Frame 9: VHS 
2025-12-15 18:13:47,551 - lddecode - DEBUG - VBI serration levels 4 - Sync tip: 3818.35 kHz, Blanking (ire0): 4121.93 kHz
2025-12-15 18:13:47,800 - lddecode - DEBUG - VBI serration levels 4 - Sync tip: 3818.46 kHz, Blanking (ire0): 4122.16 kHz
2025-12-15 18:13:47,885 - lddecode - DEBUG - File Frame 10: VHS 
2025-12-15 18:13:48,061 - lddecode - DEBUG - VBI serration levels 4 - Sync tip: 3818.79 kHz, Blanking (ire0): 4122.53 kHz
2025-12-15 18:13:48,269 - lddecode - DEBUG - VBI serration levels 3 - Sync tip: 3817.40 kHz, Blanking (ire0): 4122.91 kHz
2025-12-15 18:13:48,374 - lddecode - DEBUG - File Frame 11: VHS 
2025-12-15 18:13:48,516 - lddecode - DEBUG - VBI serration levels 4 - Sync tip: 3818.89 kHz, Blanking (ire0): 4123.29 kHz
2025-12-15 18:13:48,785 - lddecode - DEBUG - VBI serration levels 4 - Sync tip: 3818.72 kHz, Blanking (ire0): 4122.94 kHz
2025-12-15 18:13:48,872 - lddecode - DEBUG - File Frame 12: VHS 
2025-12-15 18:13:49,047 - lddecode - DEBUG - VBI serration levels 3 - Sync tip: 3820.82 kHz, Blanking (ire0): 4129.15 kHz
2025-12-15 18:13:49,230 - lddecode - DEBUG - VBI serration levels 4 - Sync tip: 3818.61 kHz, Blanking (ire0): 4122.95 kHz
2025-12-15 18:13:49,348 - lddecode - DEBUG - File Frame 13: VHS 
2025-12-15 18:13:49,527 - lddecode - DEBUG - VBI serration levels 3 - Sync tip: 3820.71 kHz, Blanking (ire0): 4129.66 kHz
2025-12-15 18:13:49,790 - lddecode - DEBUG - VBI serration levels 4 - Sync tip: 3818.95 kHz, Blanking (ire0): 4123.55 kHz
2025-12-15 18:13:49,867 - lddecode - DEBUG - File Frame 14: VHS 
2025-12-15 18:13:49,977 - lddecode - DEBUG - VBI serration levels 4 - Sync tip: 3819.03 kHz, Blanking (ire0): 4123.41 kHz
2025-12-15 18:13:50,237 - lddecode - DEBUG - VBI serration levels 3 - Sync tip: 3817.42 kHz, Blanking (ire0): 4123.41 kHz
2025-12-15 18:13:50,342 - lddecode - DEBUG - File Frame 15: VHS 
2025-12-15 18:13:50,505 - lddecode - DEBUG - VBI serration levels 4 - Sync tip: 3818.65 kHz, Blanking (ire0): 4123.20 kHz
2025-12-15 18:13:50,735 - lddecode - DEBUG - VBI serration levels 4 - Sync tip: 3818.46 kHz, Blanking (ire0): 4122.57 kHz
2025-12-15 18:13:50,845 - lddecode - DEBUG - File Frame 16: VHS 
2025-12-15 18:13:51,019 - lddecode - DEBUG - VBI serration levels 4 - Sync tip: 3818.53 kHz, Blanking (ire0): 4122.68 kHz
2025-12-15 18:13:51,293 - lddecode - DEBUG - VBI serration levels 4 - Sync tip: 3818.59 kHz, Blanking (ire0): 4122.93 kHz
2025-12-15 18:13:51,357 - lddecode - DEBUG - File Frame 17: VHS 
2025-12-15 18:13:51,521 - lddecode - DEBUG - VBI serration levels 4 - Sync tip: 3818.66 kHz, Blanking (ire0): 4122.71 kHz
2025-12-15 18:13:51,755 - lddecode - DEBUG - VBI serration levels 4 - Sync tip: 3818.38 kHz, Blanking (ire0): 4122.53 kHz
2025-12-15 18:13:51,847 - lddecode - DEBUG - File Frame 18: VHS 
2025-12-15 18:13:51,961 - lddecode - DEBUG - VBI serration levels 4 - Sync tip: 3818.62 kHz, Blanking (ire0): 4123.10 kHz
2025-12-15 18:13:52,257 - lddecode - DEBUG - VBI serration levels 4 - Sync tip: 3819.02 kHz, Blanking (ire0): 4123.77 kHz
2025-12-15 18:13:52,334 - lddecode - DEBUG - File Frame 19: VHS 
2025-12-15 18:13:52,485 - lddecode - DEBUG - VBI serration levels 4 - Sync tip: 3818.92 kHz, Blanking (ire0): 4123.76 kHz
2025-12-15 18:13:52,775 - lddecode - DEBUG - VBI serration levels 4 - Sync tip: 3818.98 kHz, Blanking (ire0): 4123.35 kHz
2025-12-15 18:13:52,835 - lddecode - DEBUG - File Frame 20: VHS 
2025-12-15 18:13:53,025 - lddecode - DEBUG - VBI serration levels 3 - Sync tip: 3821.29 kHz, Blanking (ire0): 4129.45 kHz
2025-12-15 18:13:53,305 - lddecode - DEBUG - VBI serration levels 4 - Sync tip: 3819.13 kHz, Blanking (ire0): 4123.77 kHz
2025-12-15 18:13:53,350 - lddecode - DEBUG - File Frame 21: VHS 
2025-12-15 18:13:53,463 - lddecode - DEBUG - VBI serration levels 4 - Sync tip: 3819.07 kHz, Blanking (ire0): 4123.36 kHz
2025-12-15 18:13:53,749 - lddecode - DEBUG - VBI serration levels 4 - Sync tip: 3818.82 kHz, Blanking (ire0): 4122.80 kHz
2025-12-15 18:13:53,825 - lddecode - DEBUG - File Frame 22: VHS 
2025-12-15 18:13:53,993 - lddecode - DEBUG - VBI serration levels 4 - Sync tip: 3818.78 kHz, Blanking (ire0): 4123.14 kHz
2025-12-15 18:13:54,222 - lddecode - DEBUG - VBI serration levels 3 - Sync tip: 3817.60 kHz, Blanking (ire0): 4124.29 kHz
2025-12-15 18:13:54,343 - lddecode - DEBUG - File Frame 23: VHS 
2025-12-15 18:13:54,495 - lddecode - DEBUG - VBI serration levels 4 - Sync tip: 3819.56 kHz, Blanking (ire0): 4124.24 kHz
2025-12-15 18:13:54,763 - lddecode - DEBUG - VBI serration levels 4 - Sync tip: 3819.44 kHz, Blanking (ire0): 4123.89 kHz
2025-12-15 18:13:54,832 - lddecode - DEBUG - File Frame 24: VHS 
2025-12-15 18:13:55,040 - lddecode - DEBUG - VBI serration levels 3 - Sync tip: 3821.52 kHz, Blanking (ire0): 4129.59 kHz
2025-12-15 18:13:55,244 - lddecode - DEBUG - VBI serration levels 3 - Sync tip: 3817.45 kHz, Blanking (ire0): 4123.79 kHz
2025-12-15 18:13:55,312 - lddecode - DEBUG - File Frame 25: VHS 
2025-12-15 18:13:55,485 - lddecode - DEBUG - VBI serration levels 4 - Sync tip: 3819.17 kHz, Blanking (ire0): 4123.09 kHz
2025-12-15 18:13:55,754 - lddecode - DEBUG - VBI serration levels 3 - Sync tip: 3817.67 kHz, Blanking (ire0): 4123.47 kHz
2025-12-15 18:13:55,834 - lddecode - DEBUG - File Frame 26: VHS 
2025-12-15 18:13:55,989 - lddecode - DEBUG - VBI serration levels 4 - Sync tip: 3818.78 kHz, Blanking (ire0): 4122.97 kHz
2025-12-15 18:13:56,201 - lddecode - DEBUG - VBI serration levels 4 - Sync tip: 3818.20 kHz, Blanking (ire0): 4122.71 kHz
2025-12-15 18:13:56,318 - lddecode - DEBUG - File Frame 27: VHS 
2025-12-15 18:13:56,531 - lddecode - DEBUG - VBI serration levels 4 - Sync tip: 3818.45 kHz, Blanking (ire0): 4123.18 kHz
2025-12-15 18:13:56,735 - lddecode - DEBUG - VBI serration levels 3 - Sync tip: 3816.98 kHz, Blanking (ire0): 4123.37 kHz
2025-12-15 18:13:56,829 - lddecode - DEBUG - File Frame 28: VHS 
2025-12-15 18:13:57,021 - lddecode - DEBUG - VBI serration levels 4 - Sync tip: 3818.29 kHz, Blanking (ire0): 4123.17 kHz
2025-12-15 18:13:57,241 - lddecode - DEBUG - VBI serration levels 4 - Sync tip: 3818.20 kHz, Blanking (ire0): 4122.65 kHz
2025-12-15 18:13:57,345 - lddecode - DEBUG - File Frame 29: VHS 
2025-12-15 18:13:57,499 - lddecode - DEBUG - VBI serration levels 4 - Sync tip: 3818.59 kHz, Blanking (ire0): 4122.68 kHz
2025-12-15 18:13:57,755 - lddecode - DEBUG - VBI serration levels 3 - Sync tip: 3817.24 kHz, Blanking (ire0): 4123.10 kHz
2025-12-15 18:13:57,834 - lddecode - DEBUG - File Frame 30: VHS 
2025-12-15 18:13:57,999 - lddecode - DEBUG - VBI serration levels 4 - Sync tip: 3818.61 kHz, Blanking (ire0): 4122.98 kHz
2025-12-15 18:13:58,263 - lddecode - DEBUG - VBI serration levels 4 - Sync tip: 3818.72 kHz, Blanking (ire0): 4122.81 kHz
2025-12-15 18:13:58,339 - lddecode - DEBUG - File Frame 31: VHS 
2025-12-15 18:13:58,485 - lddecode - DEBUG - VBI serration levels 4 - Sync tip: 3818.57 kHz, Blanking (ire0): 4122.94 kHz
2025-12-15 18:13:58,763 - lddecode - DEBUG - VBI serration levels 4 - Sync tip: 3818.29 kHz, Blanking (ire0): 4122.96 kHz
2025-12-15 18:13:58,849 - lddecode - DEBUG - File Frame 32: VHS 
2025-12-15 18:13:59,047 - lddecode - DEBUG - VBI serration levels 4 - Sync tip: 3818.74 kHz, Blanking (ire0): 4123.36 kHz
2025-12-15 18:13:59,252 - lddecode - DEBUG - VBI serration levels 4 - Sync tip: 3819.28 kHz, Blanking (ire0): 4123.74 kHz
2025-12-15 18:13:59,343 - lddecode - DEBUG - File Frame 33: VHS 
2025-12-15 18:13:59,515 - lddecode - DEBUG - VBI serration levels 4 - Sync tip: 3819.28 kHz, Blanking (ire0): 4123.52 kHz
2025-12-15 18:13:59,722 - lddecode - DEBUG - VBI serration levels 3 - Sync tip: 3817.70 kHz, Blanking (ire0): 4123.05 kHz
2025-12-15 18:13:59,822 - lddecode - DEBUG - File Frame 34: VHS 
2025-12-15 18:14:00,037 - lddecode - DEBUG - VBI serration levels 4 - Sync tip: 3818.83 kHz, Blanking (ire0): 4122.73 kHz
2025-12-15 18:14:00,289 - lddecode - DEBUG - VBI serration levels 3 - Sync tip: 3817.67 kHz, Blanking (ire0): 4123.38 kHz
2025-12-15 18:14:00,343 - lddecode - DEBUG - File Frame 35: VHS 
2025-12-15 18:14:00,492 - lddecode - DEBUG - VBI serration levels 4 - Sync tip: 3818.83 kHz, Blanking (ire0): 4123.40 kHz
2025-12-15 18:14:00,770 - lddecode - DEBUG - VBI serration levels 4 - Sync tip: 3818.54 kHz, Blanking (ire0): 4123.08 kHz
2025-12-15 18:14:00,857 - lddecode - DEBUG - File Frame 36: VHS 
2025-12-15 18:14:01,064 - lddecode - DEBUG - VBI serration levels 3 - Sync tip: 3820.65 kHz, Blanking (ire0): 4129.51 kHz
2025-12-15 18:14:01,283 - lddecode - DEBUG - VBI serration levels 3 - Sync tip: 3817.28 kHz, Blanking (ire0): 4122.52 kHz
2025-12-15 18:14:01,359 - lddecode - DEBUG - File Frame 37: VHS 
2025-12-15 18:14:01,531 - lddecode - DEBUG - VBI serration levels 3 - Sync tip: 3820.68 kHz, Blanking (ire0): 4129.68 kHz
2025-12-15 18:14:01,815 - lddecode - DEBUG - VBI serration levels 3 - Sync tip: 3817.45 kHz, Blanking (ire0): 4122.61 kHz
2025-12-15 18:14:01,881 - lddecode - DEBUG - File Frame 38: VHS 
2025-12-15 18:14:02,072 - lddecode - DEBUG - VBI serration levels 4 - Sync tip: 3819.14 kHz, Blanking (ire0): 4122.55 kHz
2025-12-15 18:14:02,295 - lddecode - DEBUG - VBI serration levels 3 - Sync tip: 3817.42 kHz, Blanking (ire0): 4123.06 kHz
2025-12-15 18:14:02,390 - lddecode - DEBUG - File Frame 39: VHS 
2025-12-15 18:14:02,607 - lddecode - DEBUG - VBI serration levels 4 - Sync tip: 3818.55 kHz, Blanking (ire0): 4122.91 kHz
2025-12-15 18:14:02,769 - lddecode - DEBUG - VBI serration levels 3 - Sync tip: 3817.24 kHz, Blanking (ire0): 4123.03 kHz
2025-12-15 18:14:02,863 - lddecode - DEBUG - File Frame 40: VHS 
2025-12-15 18:14:02,995 - lddecode - DEBUG - VBI serration levels 3 - Sync tip: 3821.05 kHz, Blanking (ire0): 4129.38 kHz
2025-12-15 18:14:03,312 - lddecode - DEBUG - VBI serration levels 4 - Sync tip: 3819.16 kHz, Blanking (ire0): 4123.95 kHz
2025-12-15 18:14:03,375 - lddecode - DEBUG - File Frame 41: VHS 
2025-12-15 18:14:03,481 - lddecode - DEBUG - VBI serration levels 4 - Sync tip: 3819.09 kHz, Blanking (ire0): 4123.53 kHz
2025-12-15 18:14:03,716 - lddecode - DEBUG - VBI serration levels 4 - Sync tip: 3819.36 kHz, Blanking (ire0): 4123.38 kHz
2025-12-15 18:14:03,827 - lddecode - DEBUG - File Frame 42: VHS 
2025-12-15 18:14:04,004 - lddecode - DEBUG - VBI serration levels 4 - Sync tip: 3819.29 kHz, Blanking (ire0): 4123.29 kHz
2025-12-15 18:14:04,260 - lddecode - DEBUG - VBI serration levels 4 - Sync tip: 3818.88 kHz, Blanking (ire0): 4123.01 kHz
2025-12-15 18:14:04,358 - lddecode - DEBUG - File Frame 43: VHS 
2025-12-15 18:14:04,558 - lddecode - DEBUG - VBI serration levels 4 - Sync tip: 3818.58 kHz, Blanking (ire0): 4122.84 kHz
2025-12-15 18:14:04,788 - lddecode - DEBUG - VBI serration levels 4 - Sync tip: 3818.46 kHz, Blanking (ire0): 4123.04 kHz
2025-12-15 18:14:04,875 - lddecode - DEBUG - File Frame 44: VHS 
2025-12-15 18:14:05,029 - lddecode - DEBUG - VBI serration levels 4 - Sync tip: 3818.61 kHz, Blanking (ire0): 4123.37 kHz
2025-12-15 18:14:05,304 - lddecode - DEBUG - VBI serration levels 4 - Sync tip: 3818.75 kHz, Blanking (ire0): 4123.57 kHz
2025-12-15 18:14:05,391 - lddecode - DEBUG - File Frame 45: VHS 
2025-12-15 18:14:05,515 - lddecode - DEBUG - VBI serration levels 4 - Sync tip: 3818.81 kHz, Blanking (ire0): 4123.33 kHz
2025-12-15 18:14:05,781 - lddecode - DEBUG - VBI serration levels 3 - Sync tip: 3817.12 kHz, Blanking (ire0): 4123.13 kHz
2025-12-15 18:14:05,861 - lddecode - DEBUG - File Frame 46: VHS 
2025-12-15 18:14:06,019 - lddecode - DEBUG - VBI serration levels 4 - Sync tip: 3818.88 kHz, Blanking (ire0): 4123.27 kHz
2025-12-15 18:14:06,253 - lddecode - DEBUG - VBI serration levels 4 - Sync tip: 3818.95 kHz, Blanking (ire0): 4122.82 kHz
2025-12-15 18:14:06,329 - lddecode - DEBUG - File Frame 47: VHS 
2025-12-15 18:14:06,545 - lddecode - DEBUG - VBI serration levels 4 - Sync tip: 3818.86 kHz, Blanking (ire0): 4122.82 kHz
2025-12-15 18:14:06,729 - lddecode - DEBUG - VBI serration levels 4 - Sync tip: 3818.98 kHz, Blanking (ire0): 4123.19 kHz
2025-12-15 18:14:06,821 - lddecode - DEBUG - File Frame 48: VHS 
2025-12-15 18:14:06,957 - lddecode - DEBUG - VBI serration levels 3 - Sync tip: 3820.94 kHz, Blanking (ire0): 4129.27 kHz
2025-12-15 18:14:07,221 - lddecode - DEBUG - VBI serration levels 4 - Sync tip: 3818.76 kHz, Blanking (ire0): 4123.02 kHz
2025-12-15 18:14:07,315 - lddecode - DEBUG - File Frame 49: VHS 
2025-12-15 18:14:07,467 - lddecode - DEBUG - VBI serration levels 3 - Sync tip: 3820.67 kHz, Blanking (ire0): 4129.32 kHz
2025-12-15 18:14:07,717 - lddecode - DEBUG - VBI serration levels 3 - Sync tip: 3817.19 kHz, Blanking (ire0): 4123.13 kHz
2025-12-15 18:14:07,803 - lddecode - DEBUG - File Frame 50: VHS 
