2025-12-15 18:29:53,981 - lddecode - DEBUG - VBI EQ serration pulses search failed (using fallback logic)
2025-12-15 18:29:54,380 - lddecode - DEBUG - VBI serration levels 3 - Sync tip: 3819.05 kHz, Blanking (ire0): 4123.07 kHz
2025-12-15 18:29:54,519 - lddecode - DEBUG - VBI serration levels 3 - Sync tip: 3817.65 kHz, Blanking (ire0): 4123.01 kHz
2025-12-15 18:29:54,611 - lddecode - DEBUG - Trying to detect PAL track phase...
2025-12-15 18:29:54,725 - lddecode - DEBUG - Phase previously set: 0
2025-12-15 18:29:54,727 - lddecode - DEBUG - phase0 mean: 2171.23
2025-12-15 18:29:54,727 - lddecode - DEBUG - phase1 mean: 131.91
2025-12-15 18:29:54,727 - lddecode - DEBUG - assumed_phase: 0
2025-12-15 18:29:54,924 - lddecode - DEBUG - VBI serration levels 4 - Sync tip: 3819.43 kHz, Blanking (ire0): 4123.48 kHz
2025-12-15 18:29:55,094 - lddecode - DEBUG - VBI serration levels 4 - Sync tip: 3819.29 kHz, Blanking (ire0): 4123.34 kHz
2025-12-15 18:29:55,167 - lddecode - DEBUG - File Frame 1: VHS 
2025-12-15 18:29:55,268 - lddecode - DEBUG - VBI serration levels 3 - Sync tip: 3821.10 kHz, Blanking (ire0): 4129.58 kHz
2025-12-15 18:29:55,523 - lddecode - DEBUG - VBI serration levels 4 - Sync tip: 3818.94 kHz, Blanking (ire0): 4123.08 kHz
2025-12-15 18:29:55,577 - lddecode - DEBUG - File Frame 2: VHS 
2025-12-15 18:29:55,677 - lddecode - DEBUG - VBI serration levels 4 - Sync tip: 3818.82 kHz, Blanking (ire0): 4123.05 kHz
2025-12-15 18:29:55,873 - lddecode - DEBUG - VBI serration levels 4 - Sync tip: 3818.57 kHz, Blanking (ire0): 4122.80 kHz
2025-12-15 18:29:55,975 - lddecode - DEBUG - File Frame 3: VHS 
2025-12-15 18:29:56,117 - lddecode - DEBUG - VBI serration levels 4 - Sync tip: 3818.49 kHz, Blanking (ire0): 4123.01 kHz
2025-12-15 18:29:56,322 - lddecode - DEBUG - VBI serration levels 4 - Sync tip: 3818.62 kHz, Blanking (ire0): 4123.13 kHz
2025-12-15 18:29:56,385 - lddecode - DEBUG - File Frame 4: VHS 
2025-12-15 18:29:56,559 - lddecode - DEBUG - VBI serration levels 4 - Sync tip: 3818.76 kHz, Blanking (ire0): 4123.25 kHz
2025-12-15 18:29:56,745 - lddecode - DEBUG - VBI serration levels 4 - Sync tip: 3818.75 kHz, Blanking (ire0): 4123.52 kHz
2025-12-15 18:29:56,805 - lddecode - DEBUG - File Frame 5: VHS 
2025-12-15 18:29:56,907 - lddecode - DEBUG - VBI serration levels 4 - Sync tip: 3818.70 kHz, Blanking (ire0): 4123.71 kHz
2025-12-15 18:29:57,111 - lddecode - DEBUG - VBI serration levels 4 - Sync tip: 3818.52 kHz, Blanking (ire0): 4123.58 kHz
2025-12-15 18:29:57,192 - lddecode - DEBUG - File Frame 6: VHS 
2025-12-15 18:29:57,339 - lddecode - DEBUG - VBI serration levels 4 - Sync tip: 3818.41 kHz, Blanking (ire0): 4123.65 kHz
2025-12-15 18:29:57,569 - lddecode - DEBUG - VBI serration levels 4 - Sync tip: 3818.69 kHz, Blanking (ire0): 4123.98 kHz
2025-12-15 18:29:57,607 - lddecode - DEBUG - File Frame 7: VHS 
2025-12-15 18:29:57,725 - lddecode - DEBUG - VBI serration levels 4 - Sync tip: 3818.67 kHz, Blanking (ire0): 4123.84 kHz
2025-12-15 18:29:57,932 - lddecode - DEBUG - VBI serration levels 4 - Sync tip: 3818.70 kHz, Blanking (ire0): 4123.04 kHz
2025-12-15 18:29:58,021 - lddecode - DEBUG - File Frame 8: VHS 
2025-12-15 18:29:58,152 - lddecode - DEBUG - VBI serration levels 3 - Sync tip: 3820.57 kHz, Blanking (ire0): 4129.44 kHz
2025-12-15 18:29:58,332 - lddecode - DEBUG - VBI serration levels 4 - Sync tip: 3818.27 kHz, Blanking (ire0): 4122.46 kHz
2025-12-15 18:29:58,427 - lddecode - DEBUG - File Frame 9: VHS 
2025-12-15 18:29:58,537 - lddecode - DEBUG - VBI serration levels 4 - Sync tip: 3818.35 kHz, Blanking (ire0): 4121.93 kHz
2025-12-15 18:29:58,765 - lddecode - DEBUG - VBI serration levels 4 - Sync tip: 3818.46 kHz, Blanking (ire0): 4122.16 kHz
2025-12-15 18:29:58,847 - lddecode - DEBUG - File Frame 10: VHS 
2025-12-15 18:29:58,973 - lddecode - DEBUG - VBI serration levels 4 - Sync tip: 3818.79 kHz, Blanking (ire0): 4122.53 kHz
2025-12-15 18:29:59,185 - lddecode - DEBUG - VBI serration levels 3 - Sync tip: 3817.40 kHz, Blanking (ire0): 4122.91 kHz
2025-12-15 18:29:59,270 - lddecode - DEBUG - File Frame 11: VHS 
2025-12-15 18:29:59,429 - lddecode - DEBUG - VBI serration levels 4 - Sync tip: 3818.89 kHz, Blanking (ire0): 4123.29 kHz
2025-12-15 18:29:59,649 - lddecode - DEBUG - VBI serration levels 4 - Sync tip: 3818.72 kHz, Blanking (ire0): 4122.94 kHz
2025-12-15 18:29:59,689 - lddecode - DEBUG - File Frame 12: VHS 
2025-12-15 18:29:59,850 - lddecode - DEBUG - VBI serration levels 3 - Sync tip: 3820.82 kHz, Blanking (ire0): 4129.15 kHz
2025-12-15 18:29:59,997 - lddecode - DEBUG - VBI serration levels 4 - Sync tip: 3818.61 kHz, Blanking (ire0): 4122.95 kHz
2025-12-15 18:30:00,102 - lddecode - DEBUG - File Frame 13: VHS 
2025-12-15 18:30:00,260 - lddecode - DEBUG - VBI serration levels 3 - Sync tip: 3820.71 kHz, Blanking (ire0): 4129.66 kHz
2025-12-15 18:30:00,443 - lddecode - DEBUG - VBI serration levels 4 - Sync tip: 3818.95 kHz, Blanking (ire0): 4123.55 kHz
2025-12-15 18:30:00,513 - lddecode - DEBUG - File Frame 14: VHS 
2025-12-15 18:30:00,675 - lddecode - DEBUG - VBI serration levels 4 - Sync tip: 3819.03 kHz, Blanking (ire0): 4123.41 kHz
2025-12-15 18:30:00,845 - lddecode - DEBUG - VBI serration levels 4 - Sync tip: 3819.01 kHz, Blanking (ire0): 4123.50 kHz
2025-12-15 18:30:00,941 - lddecode - DEBUG - File Frame 15: VHS 
2025-12-15 18:30:01,080 - lddecode - DEBUG - VBI serration levels 4 - Sync tip: 3818.65 kHz, Blanking (ire0): 4123.20 kHz
2025-12-15 18:30:01,243 - lddecode - DEBUG - VBI serration levels 4 - Sync tip: 3818.46 kHz, Blanking (ire0): 4122.57 kHz
2025-12-15 18:30:01,352 - lddecode - DEBUG - File Frame 16: VHS 
2025-12-15 18:30:01,455 - lddecode - DEBUG - VBI serration levels 4 - Sync tip: 3818.53 kHz, Blanking (ire0): 4122.68 kHz
2025-12-15 18:30:01,701 - lddecode - DEBUG - VBI serration levels 4 - Sync tip: 3818.59 kHz, Blanking (ire0): 4122.93 kHz
2025-12-15 18:30:01,768 - lddecode - DEBUG - File Frame 17: VHS 
2025-12-15 18:30:01,940 - lddecode - DEBUG - VBI serration levels 4 - Sync tip: 3818.66 kHz, Blanking (ire0): 4122.71 kHz
2025-12-15 18:30:02,127 - lddecode - DEBUG - VBI serration levels 4 - Sync tip: 3818.38 kHz, Blanking (ire0): 4122.53 kHz
2025-12-15 18:30:02,189 - lddecode - DEBUG - File Frame 18: VHS 
2025-12-15 18:30:02,329 - lddecode - DEBUG - VBI serration levels 4 - Sync tip: 3818.62 kHz, Blanking (ire0): 4123.10 kHz
2025-12-15 18:30:02,543 - lddecode - DEBUG - VBI serration levels 4 - Sync tip: 3819.02 kHz, Blanking (ire0): 4123.77 kHz
2025-12-15 18:30:02,622 - lddecode - DEBUG - File Frame 19: VHS 
2025-12-15 18:30:02,805 - lddecode - DEBUG - VBI serration levels 4 - Sync tip: 3818.92 kHz, Blanking (ire0): 4123.76 kHz
2025-12-15 18:30:02,958 - lddecode - DEBUG - VBI serration levels 4 - Sync tip: 3818.98 kHz, Blanking (ire0): 4123.35 kHz
2025-12-15 18:30:03,040 - lddecode - DEBUG - File Frame 20: VHS 
2025-12-15 18:30:03,197 - lddecode - DEBUG - VBI serration levels 3 - Sync tip: 3821.29 kHz, Blanking (ire0): 4129.45 kHz
2025-12-15 18:30:03,407 - lddecode - DEBUG - VBI serration levels 4 - Sync tip: 3819.13 kHz, Blanking (ire0): 4123.77 kHz
2025-12-15 18:30:03,450 - lddecode - DEBUG - File Frame 21: VHS 
2025-12-15 18:30:03,594 - lddecode - DEBUG - VBI serration levels 4 - Sync tip: 3819.07 kHz, Blanking (ire0): 4123.36 kHz
2025-12-15 18:30:03,785 - lddecode - DEBUG - VBI serration levels 4 - Sync tip: 3818.82 kHz, Blanking (ire0): 4122.80 kHz
2025-12-15 18:30:03,859 - lddecode - DEBUG - File Frame 22: VHS 
2025-12-15 18:30:04,019 - lddecode - DEBUG - VBI serration levels 4 - Sync tip: 3818.78 kHz, Blanking (ire0): 4123.14 kHz
2025-12-15 18:30:04,243 - lddecode - DEBUG - VBI serration levels 3 - Sync tip: 3817.60 kHz, Blanking (ire0): 4124.29 kHz
2025-12-15 18:30:04,293 - lddecode - DEBUG - File Frame 23: VHS 
2025-12-15 18:30:04,448 - lddecode - DEBUG - VBI serration levels 4 - Sync tip: 3819.56 kHz, Blanking (ire0): 4124.24 kHz
2025-12-15 18:30:04,605 - lddecode - DEBUG - VBI serration levels 4 - Sync tip: 3819.44 kHz, Blanking (ire0): 4123.89 kHz
2025-12-15 18:30:04,715 - lddecode - DEBUG - File Frame 24: VHS 
2025-12-15 18:30:04,864 - lddecode - DEBUG - VBI serration levels 3 - Sync tip: 3821.52 kHz, Blanking (ire0): 4129.59 kHz
2025-12-15 18:30:05,026 - lddecode - DEBUG - VBI serration levels 3 - Sync tip: 3817.45 kHz, Blanking (ire0): 4123.79 kHz
2025-12-15 18:30:05,097 - lddecode - DEBUG - File Frame 25: VHS 
2025-12-15 18:30:05,221 - lddecode - DEBUG - VBI serration levels 3 - Sync tip: 3821.32 kHz, Blanking (ire0): 4129.54 kHz
2025-12-15 18:30:05,453 - lddecode - DEBUG - VBI serration levels 4 - Sync tip: 3819.26 kHz, Blanking (ire0): 4122.97 kHz
2025-12-15 18:30:05,524 - lddecode - DEBUG - File Frame 26: VHS 
2025-12-15 18:30:05,677 - lddecode - DEBUG - VBI serration levels 4 - Sync tip: 3818.78 kHz, Blanking (ire0): 4122.97 kHz
2025-12-15 18:30:05,877 - lddecode - DEBUG - VBI serration levels 4 - Sync tip: 3818.20 kHz, Blanking (ire0): 4122.71 kHz
2025-12-15 18:30:05,933 - lddecode - DEBUG - File Frame 27: VHS 
2025-12-15 18:30:06,125 - lddecode - DEBUG - VBI serration levels 4 - Sync tip: 3818.45 kHz, Blanking (ire0): 4123.18 kHz
2025-12-15 18:30:06,247 - lddecode - DEBUG - VBI serration levels 3 - Sync tip: 3816.98 kHz, Blanking (ire0): 4123.37 kHz
2025-12-15 18:30:06,302 - lddecode - DEBUG - File Frame 28: VHS 
2025-12-15 18:30:06,407 - lddecode - DEBUG - VBI serration levels 4 - Sync tip: 3818.29 kHz, Blanking (ire0): 4123.17 kHz
2025-12-15 18:30:06,702 - lddecode - DEBUG - VBI serration levels 4 - Sync tip: 3818.20 kHz, Blanking (ire0): 4122.65 kHz
2025-12-15 18:30:06,765 - lddecode - DEBUG - File Frame 29: VHS 
2025-12-15 18:30:06,855 - lddecode - DEBUG - VBI serration levels 4 - Sync tip: 3818.59 kHz, Blanking (ire0): 4122.68 kHz
2025-12-15 18:30:07,069 - lddecode - DEBUG - VBI serration levels 3 - Sync tip: 3817.24 kHz, Blanking (ire0): 4123.10 kHz
2025-12-15 18:30:07,159 - lddecode - DEBUG - File Frame 30: VHS 
2025-12-15 18:30:07,331 - lddecode - DEBUG - VBI serration levels 4 - Sync tip: 3818.61 kHz, Blanking (ire0): 4122.98 kHz
2025-12-15 18:30:07,512 - lddecode - DEBUG - VBI serration levels 4 - Sync tip: 3818.72 kHz, Blanking (ire0): 4122.81 kHz
2025-12-15 18:30:07,575 - lddecode - DEBUG - File Frame 31: VHS 
2025-12-15 18:30:07,691 - lddecode - DEBUG - VBI serration levels 4 - Sync tip: 3818.57 kHz, Blanking (ire0): 4122.94 kHz
2025-12-15 18:30:07,946 - lddecode - DEBUG - VBI serration levels 4 - Sync tip: 3818.29 kHz, Blanking (ire0): 4122.96 kHz
2025-12-15 18:30:07,987 - lddecode - DEBUG - File Frame 32: VHS 
2025-12-15 18:30:08,133 - lddecode - DEBUG - VBI serration levels 4 - Sync tip: 3818.74 kHz, Blanking (ire0): 4123.36 kHz
2025-12-15 18:30:08,343 - lddecode - DEBUG - VBI serration levels 4 - Sync tip: 3819.28 kHz, Blanking (ire0): 4123.74 kHz
2025-12-15 18:30:08,398 - lddecode - DEBUG - File Frame 33: VHS 
2025-12-15 18:30:08,510 - lddecode - DEBUG - VBI serration levels 4 - Sync tip: 3819.28 kHz, Blanking (ire0): 4123.52 kHz
2025-12-15 18:30:08,750 - lddecode - DEBUG - VBI serration levels 3 - Sync tip: 3817.70 kHz, Blanking (ire0): 4123.05 kHz
2025-12-15 18:30:08,812 - lddecode - DEBUG - File Frame 34: VHS 
2025-12-15 18:30:08,963 - lddecode - DEBUG - VBI serration levels 4 - Sync tip: 3818.83 kHz, Blanking (ire0): 4122.73 kHz
2025-12-15 18:30:09,187 - lddecode - DEBUG - VBI serration levels 3 - Sync tip: 3817.67 kHz, Blanking (ire0): 4123.38 kHz
2025-12-15 18:30:09,239 - lddecode - DEBUG - File Frame 35: VHS 
2025-12-15 18:30:09,330 - lddecode - DEBUG - VBI serration levels 4 - Sync tip: 3818.83 kHz, Blanking (ire0): 4123.40 kHz
2025-12-15 18:30:09,548 - lddecode - DEBUG - VBI serration levels 4 - Sync tip: 3818.54 kHz, Blanking (ire0): 4123.08 kHz
2025-12-15 18:30:09,635 - lddecode - DEBUG - File Frame 36: VHS 
2025-12-15 18:30:09,821 - lddecode - DEBUG - VBI serration levels 3 - Sync tip: 3820.65 kHz, Blanking (ire0): 4129.51 kHz
2025-12-15 18:30:10,029 - lddecode - DEBUG - VBI serration levels 4 - Sync tip: 3818.72 kHz, Blanking (ire0): 4123.02 kHz
2025-12-15 18:30:10,069 - lddecode - DEBUG - File Frame 37: VHS 
2025-12-15 18:30:10,209 - lddecode - DEBUG - VBI serration levels 3 - Sync tip: 3820.68 kHz, Blanking (ire0): 4129.68 kHz
2025-12-15 18:30:10,430 - lddecode - DEBUG - VBI serration levels 3 - Sync tip: 3817.45 kHz, Blanking (ire0): 4122.61 kHz
2025-12-15 18:30:10,484 - lddecode - DEBUG - File Frame 38: VHS 
2025-12-15 18:30:10,614 - lddecode - DEBUG - VBI serration levels 4 - Sync tip: 3819.14 kHz, Blanking (ire0): 4122.55 kHz
2025-12-15 18:30:10,841 - lddecode - DEBUG - VBI serration levels 3 - Sync tip: 3817.42 kHz, Blanking (ire0): 4123.06 kHz
2025-12-15 18:30:10,895 - lddecode - DEBUG - File Frame 39: VHS 
2025-12-15 18:30:11,055 - lddecode - DEBUG - VBI serration levels 4 - Sync tip: 3818.55 kHz, Blanking (ire0): 4122.91 kHz
2025-12-15 18:30:11,281 - lddecode - DEBUG - VBI serration levels 3 - Sync tip: 3817.24 kHz, Blanking (ire0): 4123.03 kHz
2025-12-15 18:30:11,335 - lddecode - DEBUG - File Frame 40: VHS 
2025-12-15 18:30:11,510 - lddecode - DEBUG - VBI serration levels 3 - Sync tip: 3821.05 kHz, Blanking (ire0): 4129.38 kHz
2025-12-15 18:30:11,747 - lddecode - DEBUG - VBI serration levels 4 - Sync tip: 3819.16 kHz, Blanking (ire0): 4123.95 kHz
2025-12-15 18:30:11,814 - lddecode - DEBUG - File Frame 41: VHS 
2025-12-15 18:30:12,010 - lddecode - DEBUG - VBI serration levels 4 - Sync tip: 3819.09 kHz, Blanking (ire0): 4123.53 kHz
2025-12-15 18:30:12,239 - lddecode - DEBUG - VBI serration levels 4 - Sync tip: 3819.36 kHz, Blanking (ire0): 4123.38 kHz
2025-12-15 18:30:12,283 - lddecode - DEBUG - File Frame 42: VHS 
2025-12-15 18:30:12,463 - lddecode - DEBUG - VBI serration levels 4 - Sync tip: 3819.29 kHz, Blanking (ire0): 4123.29 kHz
2025-12-15 18:30:12,671 - lddecode - DEBUG - VBI serration levels 4 - Sync tip: 3818.88 kHz, Blanking (ire0): 4123.01 kHz
2025-12-15 18:30:12,715 - lddecode - DEBUG - File Frame 43: VHS 
2025-12-15 18:30:12,827 - lddecode - DEBUG - VBI serration levels 4 - Sync tip: 3818.58 kHz, Blanking (ire0): 4122.84 kHz
2025-12-15 18:30:13,095 - lddecode - DEBUG - VBI serration levels 4 - Sync tip: 3818.46 kHz, Blanking (ire0): 4123.04 kHz
2025-12-15 18:30:13,151 - lddecode - DEBUG - File Frame 44: VHS 
2025-12-15 18:30:13,325 - lddecode - DEBUG - VBI serration levels 4 - Sync tip: 3818.61 kHz, Blanking (ire0): 4123.37 kHz
2025-12-15 18:30:13,547 - lddecode - DEBUG - VBI serration levels 4 - Sync tip: 3818.75 kHz, Blanking (ire0): 4123.57 kHz
2025-12-15 18:30:13,587 - lddecode - DEBUG - File Frame 45: VHS 
2025-12-15 18:30:13,713 - lddecode - DEBUG - VBI serration levels 4 - Sync tip: 3818.81 kHz, Blanking (ire0): 4123.33 kHz
2025-12-15 18:30:13,933 - lddecode - DEBUG - VBI serration levels 3 - Sync tip: 3817.12 kHz, Blanking (ire0): 4123.13 kHz
2025-12-15 18:30:14,004 - lddecode - DEBUG - File Frame 46: VHS 
2025-12-15 18:30:14,185 - lddecode - DEBUG - VBI serration levels 4 - Sync tip: 3818.88 kHz, Blanking (ire0): 4123.27 kHz
2025-12-15 18:30:14,381 - lddecode - DEBUG - VBI serration levels 4 - Sync tip: 3818.95 kHz, Blanking (ire0): 4122.82 kHz
2025-12-15 18:30:14,443 - lddecode - DEBUG - File Frame 47: VHS 
2025-12-15 18:30:14,592 - lddecode - DEBUG - VBI serration levels 4 - Sync tip: 3818.86 kHz, Blanking (ire0): 4122.82 kHz
2025-12-15 18:30:14,831 - lddecode - DEBUG - VBI serration levels 4 - Sync tip: 3818.98 kHz, Blanking (ire0): 4123.19 kHz
2025-12-15 18:30:14,879 - lddecode - DEBUG - File Frame 48: VHS 
2025-12-15 18:30:15,052 - lddecode - DEBUG - VBI serration levels 3 - Sync tip: 3820.94 kHz, Blanking (ire0): 4129.27 kHz
2025-12-15 18:30:15,243 - lddecode - DEBUG - VBI serration levels 4 - Sync tip: 3818.76 kHz, Blanking (ire0): 4123.02 kHz
2025-12-15 18:30:15,319 - lddecode - DEBUG - File Frame 49: VHS 
2025-12-15 18:30:15,437 - lddecode - DEBUG - VBI serration levels 3 - Sync tip: 3820.67 kHz, Blanking (ire0): 4129.32 kHz
2025-12-15 18:30:15,703 - lddecode - DEBUG - VBI serration levels 3 - Sync tip: 3817.19 kHz, Blanking (ire0): 4123.13 kHz
2025-12-15 18:30:15,743 - lddecode - DEBUG - File Frame 50: VHS 
