2025-12-15 18:27:30,710 - lddecode - DEBUG - VBI EQ serration pulses search failed (using fallback logic)
2025-12-15 18:27:31,207 - lddecode - DEBUG - VBI serration levels 3 - Sync tip: 3819.05 kHz, Blanking (ire0): 4123.07 kHz
2025-12-15 18:27:31,336 - lddecode - DEBUG - VBI serration levels 3 - Sync tip: 3817.65 kHz, Blanking (ire0): 4123.01 kHz
2025-12-15 18:27:31,450 - lddecode - DEBUG - Trying to detect PAL track phase...
2025-12-15 18:27:31,557 - lddecode - DEBUG - Phase previously set: 0
2025-12-15 18:27:31,557 - lddecode - DEBUG - phase0 mean: 2171.23
2025-12-15 18:27:31,557 - lddecode - DEBUG - phase1 mean: 131.91
2025-12-15 18:27:31,557 - lddecode - DEBUG - assumed_phase: 0
2025-12-15 18:27:31,792 - lddecode - DEBUG - VBI serration levels 4 - Sync tip: 3819.43 kHz, Blanking (ire0): 4123.48 kHz
2025-12-15 18:27:32,073 - lddecode - DEBUG - VBI serration levels 4 - Sync tip: 3819.29 kHz, Blanking (ire0): 4123.34 kHz
2025-12-15 18:27:32,147 - lddecode - DEBUG - File Frame 1: VHS 
2025-12-15 18:27:32,304 - lddecode - DEBUG - VBI serration levels 3 - Sync tip: 3821.10 kHz, Blanking (ire0): 4129.58 kHz
2025-12-15 18:27:32,590 - lddecode - DEBUG - VBI serration levels 4 - Sync tip: 3818.94 kHz, Blanking (ire0): 4123.08 kHz
2025-12-15 18:27:32,664 - lddecode - DEBUG - File Frame 2: VHS 
2025-12-15 18:27:32,836 - lddecode - DEBUG - VBI serration levels 4 - Sync tip: 3818.82 kHz, Blanking (ire0): 4123.05 kHz
2025-12-15 18:27:33,052 - lddecode - DEBUG - VBI serration levels 4 - Sync tip: 3818.57 kHz, Blanking (ire0): 4122.80 kHz
2025-12-15 18:27:33,161 - lddecode - DEBUG - File Frame 3: VHS 
2025-12-15 18:27:33,344 - lddecode - DEBUG - VBI serration levels 4 - Sync tip: 3818.49 kHz, Blanking (ire0): 4123.01 kHz
2025-12-15 18:27:33,680 - lddecode - DEBUG - VBI serration levels 4 - Sync tip: 3818.62 kHz, Blanking (ire0): 4123.13 kHz
2025-12-15 18:27:33,744 - lddecode - DEBUG - File Frame 4: VHS 
2025-12-15 18:27:33,863 - lddecode - DEBUG - VBI serration levels 4 - Sync tip: 3818.76 kHz, Blanking (ire0): 4123.25 kHz
2025-12-15 18:27:34,083 - lddecode - DEBUG - VBI serration levels 4 - Sync tip: 3818.75 kHz, Blanking (ire0): 4123.52 kHz
2025-12-15 18:27:34,160 - lddecode - DEBUG - File Frame 5: VHS 
2025-12-15 18:27:34,292 - lddecode - DEBUG - VBI serration levels 4 - Sync tip: 3818.70 kHz, Blanking (ire0): 4123.71 kHz
2025-12-15 18:27:34,542 - lddecode - DEBUG - VBI serration levels 4 - Sync tip: 3818.52 kHz, Blanking (ire0): 4123.58 kHz
2025-12-15 18:27:34,578 - lddecode - DEBUG - File Frame 6: VHS 
2025-12-15 18:27:34,733 - lddecode - DEBUG - VBI serration levels 4 - Sync tip: 3818.41 kHz, Blanking (ire0): 4123.65 kHz
2025-12-15 18:27:34,948 - lddecode - DEBUG - VBI serration levels 4 - Sync tip: 3818.69 kHz, Blanking (ire0): 4123.98 kHz
2025-12-15 18:27:35,004 - lddecode - DEBUG - File Frame 7: VHS 
2025-12-15 18:27:35,096 - lddecode - DEBUG - VBI serration levels 4 - Sync tip: 3818.67 kHz, Blanking (ire0): 4123.84 kHz
2025-12-15 18:27:35,369 - lddecode - DEBUG - VBI serration levels 4 - Sync tip: 3818.70 kHz, Blanking (ire0): 4123.04 kHz
2025-12-15 18:27:35,434 - lddecode - DEBUG - File Frame 8: VHS 
2025-12-15 18:27:35,560 - lddecode - DEBUG - VBI serration levels 3 - Sync tip: 3820.57 kHz, Blanking (ire0): 4129.44 kHz
2025-12-15 18:27:35,750 - lddecode - DEBUG - VBI serration levels 4 - Sync tip: 3818.27 kHz, Blanking (ire0): 4122.46 kHz
2025-12-15 18:27:35,845 - lddecode - DEBUG - File Frame 9: VHS 
2025-12-15 18:27:35,987 - lddecode - DEBUG - VBI serration levels 4 - Sync tip: 3818.35 kHz, Blanking (ire0): 4121.93 kHz
2025-12-15 18:27:36,193 - lddecode - DEBUG - VBI serration levels 4 - Sync tip: 3818.46 kHz, Blanking (ire0): 4122.16 kHz
2025-12-15 18:27:36,281 - lddecode - DEBUG - File Frame 10: VHS 
2025-12-15 18:27:36,459 - lddecode - DEBUG - VBI serration levels 4 - Sync tip: 3818.79 kHz, Blanking (ire0): 4122.53 kHz
2025-12-15 18:27:36,612 - lddecode - DEBUG - VBI serration levels 3 - Sync tip: 3817.40 kHz, Blanking (ire0): 4122.91 kHz
2025-12-15 18:27:36,709 - lddecode - DEBUG - File Frame 11: VHS 
2025-12-15 18:27:36,824 - lddecode - DEBUG - VBI serration levels 4 - Sync tip: 3818.89 kHz, Blanking (ire0): 4123.29 kHz
2025-12-15 18:27:37,077 - lddecode - DEBUG - VBI serration levels 4 - Sync tip: 3818.72 kHz, Blanking (ire0): 4122.94 kHz
2025-12-15 18:27:37,135 - lddecode - DEBUG - File Frame 12: VHS 
2025-12-15 18:27:37,297 - lddecode - DEBUG - VBI serration levels 3 - Sync tip: 3820.82 kHz, Blanking (ire0): 4129.15 kHz
2025-12-15 18:27:37,479 - lddecode - DEBUG - VBI serration levels 4 - Sync tip: 3818.61 kHz, Blanking (ire0): 4122.95 kHz
2025-12-15 18:27:37,589 - lddecode - DEBUG - File Frame 13: VHS 
2025-12-15 18:27:37,749 - lddecode - DEBUG - VBI serration levels 3 - Sync tip: 3820.71 kHz, Blanking (ire0): 4129.66 kHz
2025-12-15 18:27:37,959 - lddecode - DEBUG - VBI serration levels 4 - Sync tip: 3818.95 kHz, Blanking (ire0): 4123.55 kHz
2025-12-15 18:27:38,047 - lddecode - DEBUG - File Frame 14: VHS 
2025-12-15 18:27:38,185 - lddecode - DEBUG - VBI serration levels 4 - Sync tip: 3819.03 kHz, Blanking (ire0): 4123.41 kHz
2025-12-15 18:27:38,414 - lddecode - DEBUG - VBI serration levels 4 - Sync tip: 3819.01 kHz, Blanking (ire0): 4123.50 kHz
2025-12-15 18:27:38,491 - lddecode - DEBUG - File Frame 15: VHS 
2025-12-15 18:27:38,619 - lddecode - DEBUG - VBI serration levels 4 - Sync tip: 3818.65 kHz, Blanking (ire0): 4123.20 kHz
2025-12-15 18:27:38,809 - lddecode - DEBUG - VBI serration levels 4 - Sync tip: 3818.46 kHz, Blanking (ire0): 4122.57 kHz
2025-12-15 18:27:38,901 - lddecode - DEBUG - File Frame 16: VHS 
2025-12-15 18:27:39,025 - lddecode - DEBUG - VBI serration levels 4 - Sync tip: 3818.53 kHz, Blanking (ire0): 4122.68 kHz
2025-12-15 18:27:39,274 - lddecode - DEBUG - VBI serration levels 4 - Sync tip: 3818.59 kHz, Blanking (ire0): 4122.93 kHz
2025-12-15 18:27:39,339 - lddecode - DEBUG - File Frame 17: VHS 
2025-12-15 18:27:39,519 - lddecode - DEBUG - VBI serration levels 4 - Sync tip: 3818.66 kHz, Blanking (ire0): 4122.71 kHz
2025-12-15 18:27:39,755 - lddecode - DEBUG - VBI serration levels 4 - Sync tip: 3818.38 kHz, Blanking (ire0): 4122.53 kHz
2025-12-15 18:27:39,795 - lddecode - DEBUG - File Frame 18: VHS 
2025-12-15 18:27:39,887 - lddecode - DEBUG - VBI serration levels 4 - Sync tip: 3818.62 kHz, Blanking (ire0): 4123.10 kHz
2025-12-15 18:27:40,129 - lddecode - DEBUG - VBI serration levels 4 - Sync tip: 3819.02 kHz, Blanking (ire0): 4123.77 kHz
2025-12-15 18:27:40,237 - lddecode - DEBUG - File Frame 19: VHS 
2025-12-15 18:27:40,446 - lddecode - DEBUG - VBI serration levels 4 - Sync tip: 3818.92 kHz, Blanking (ire0): 4123.76 kHz
2025-12-15 18:27:40,667 - lddecode - DEBUG - VBI serration levels 4 - Sync tip: 3818.98 kHz, Blanking (ire0): 4123.35 kHz
2025-12-15 18:27:40,710 - lddecode - DEBUG - File Frame 20: VHS 
2025-12-15 18:27:40,797 - lddecode - DEBUG - VBI serration levels 3 - Sync tip: 3821.29 kHz, Blanking (ire0): 4129.45 kHz
2025-12-15 18:27:41,000 - lddecode - DEBUG - VBI serration levels 4 - Sync tip: 3819.13 kHz, Blanking (ire0): 4123.77 kHz
2025-12-15 18:27:41,099 - lddecode - DEBUG - File Frame 21: VHS 
2025-12-15 18:27:41,284 - lddecode - DEBUG - VBI serration levels 4 - Sync tip: 3819.07 kHz, Blanking (ire0): 4123.36 kHz
2025-12-15 18:27:41,507 - lddecode - DEBUG - VBI serration levels 4 - Sync tip: 3818.82 kHz, Blanking (ire0): 4122.80 kHz
2025-12-15 18:27:41,579 - lddecode - DEBUG - File Frame 22: VHS 
2025-12-15 18:27:41,771 - lddecode - DEBUG - VBI serration levels 4 - Sync tip: 3818.78 kHz, Blanking (ire0): 4123.14 kHz
2025-12-15 18:27:41,989 - lddecode - DEBUG - VBI serration levels 3 - Sync tip: 3817.60 kHz, Blanking (ire0): 4124.29 kHz
2025-12-15 18:27:42,049 - lddecode - DEBUG - File Frame 23: VHS 
2025-12-15 18:27:42,241 - lddecode - DEBUG - VBI serration levels 4 - Sync tip: 3819.56 kHz, Blanking (ire0): 4124.24 kHz
2025-12-15 18:27:42,406 - lddecode - DEBUG - VBI serration levels 4 - Sync tip: 3819.44 kHz, Blanking (ire0): 4123.89 kHz
2025-12-15 18:27:42,489 - lddecode - DEBUG - File Frame 24: VHS 
2025-12-15 18:27:42,606 - lddecode - DEBUG - VBI serration levels 3 - Sync tip: 3821.52 kHz, Blanking (ire0): 4129.59 kHz
2025-12-15 18:27:42,872 - lddecode - DEBUG - VBI serration levels 3 - Sync tip: 3817.45 kHz, Blanking (ire0): 4123.79 kHz
2025-12-15 18:27:42,924 - lddecode - DEBUG - File Frame 25: VHS 
2025-12-15 18:27:43,121 - lddecode - DEBUG - VBI serration levels 3 - Sync tip: 3821.32 kHz, Blanking (ire0): 4129.54 kHz
2025-12-15 18:27:43,322 - lddecode - DEBUG - VBI serration levels 4 - Sync tip: 3819.26 kHz, Blanking (ire0): 4122.97 kHz
2025-12-15 18:27:43,381 - lddecode - DEBUG - File Frame 26: VHS 
2025-12-15 18:27:43,502 - lddecode - DEBUG - VBI serration levels 4 - Sync tip: 3818.78 kHz, Blanking (ire0): 4122.97 kHz
2025-12-15 18:27:43,700 - lddecode - DEBUG - VBI serration levels 4 - Sync tip: 3818.20 kHz, Blanking (ire0): 4122.71 kHz
2025-12-15 18:27:43,796 - lddecode - DEBUG - File Frame 27: VHS 
2025-12-15 18:27:43,978 - lddecode - DEBUG - VBI serration levels 4 - Sync tip: 3818.45 kHz, Blanking (ire0): 4123.18 kHz
2025-12-15 18:27:44,194 - lddecode - DEBUG - VBI serration levels 3 - Sync tip: 3816.98 kHz, Blanking (ire0): 4123.37 kHz
2025-12-15 18:27:44,245 - lddecode - DEBUG - File Frame 28: VHS 
2025-12-15 18:27:44,420 - lddecode - DEBUG - VBI serration levels 4 - Sync tip: 3818.29 kHz, Blanking (ire0): 4123.17 kHz
2025-12-15 18:27:44,679 - lddecode - DEBUG - VBI serration levels 4 - Sync tip: 3818.20 kHz, Blanking (ire0): 4122.65 kHz
2025-12-15 18:27:44,723 - lddecode - DEBUG - File Frame 29: VHS 
2025-12-15 18:27:44,887 - lddecode - DEBUG - VBI serration levels 4 - Sync tip: 3818.59 kHz, Blanking (ire0): 4122.68 kHz
2025-12-15 18:27:45,069 - lddecode - DEBUG - VBI serration levels 3 - Sync tip: 3817.24 kHz, Blanking (ire0): 4123.10 kHz
2025-12-15 18:27:45,167 - lddecode - DEBUG - File Frame 30: VHS 
2025-12-15 18:27:45,354 - lddecode - DEBUG - VBI serration levels 4 - Sync tip: 3818.61 kHz, Blanking (ire0): 4122.98 kHz
2025-12-15 18:27:45,577 - lddecode - DEBUG - VBI serration levels 4 - Sync tip: 3818.72 kHz, Blanking (ire0): 4122.81 kHz
2025-12-15 18:27:45,641 - lddecode - DEBUG - File Frame 31: VHS 
2025-12-15 18:27:45,771 - lddecode - DEBUG - VBI serration levels 4 - Sync tip: 3818.57 kHz, Blanking (ire0): 4122.94 kHz
2025-12-15 18:27:46,003 - lddecode - DEBUG - VBI serration levels 4 - Sync tip: 3818.29 kHz, Blanking (ire0): 4122.96 kHz
2025-12-15 18:27:46,083 - lddecode - DEBUG - File Frame 32: VHS 
2025-12-15 18:27:46,182 - lddecode - DEBUG - VBI serration levels 4 - Sync tip: 3818.74 kHz, Blanking (ire0): 4123.36 kHz
2025-12-15 18:27:46,463 - lddecode - DEBUG - VBI serration levels 4 - Sync tip: 3819.28 kHz, Blanking (ire0): 4123.74 kHz
2025-12-15 18:27:46,518 - lddecode - DEBUG - File Frame 33: VHS 
2025-12-15 18:27:46,693 - lddecode - DEBUG - VBI serration levels 4 - Sync tip: 3819.28 kHz, Blanking (ire0): 4123.52 kHz
2025-12-15 18:27:46,937 - lddecode - DEBUG - VBI serration levels 3 - Sync tip: 3817.70 kHz, Blanking (ire0): 4123.05 kHz
2025-12-15 18:27:46,980 - lddecode - DEBUG - File Frame 34: VHS 
2025-12-15 18:27:47,112 - lddecode - DEBUG - VBI serration levels 4 - Sync tip: 3818.83 kHz, Blanking (ire0): 4122.73 kHz
2025-12-15 18:27:47,327 - lddecode - DEBUG - VBI serration levels 3 - Sync tip: 3817.67 kHz, Blanking (ire0): 4123.38 kHz
2025-12-15 18:27:47,420 - lddecode - DEBUG - File Frame 35: VHS 
2025-12-15 18:27:47,540 - lddecode - DEBUG - VBI serration levels 4 - Sync tip: 3818.83 kHz, Blanking (ire0): 4123.40 kHz
2025-12-15 18:27:47,823 - lddecode - DEBUG - VBI serration levels 4 - Sync tip: 3818.54 kHz, Blanking (ire0): 4123.08 kHz
2025-12-15 18:27:47,867 - lddecode - DEBUG - File Frame 36: VHS 
2025-12-15 18:27:48,006 - lddecode - DEBUG - VBI serration levels 3 - Sync tip: 3820.65 kHz, Blanking (ire0): 4129.51 kHz
2025-12-15 18:27:48,269 - lddecode - DEBUG - VBI serration levels 4 - Sync tip: 3818.72 kHz, Blanking (ire0): 4123.02 kHz
2025-12-15 18:27:48,311 - lddecode - DEBUG - File Frame 37: VHS 
2025-12-15 18:27:48,508 - lddecode - DEBUG - VBI serration levels 3 - Sync tip: 3820.68 kHz, Blanking (ire0): 4129.68 kHz
2025-12-15 18:27:48,662 - lddecode - DEBUG - VBI serration levels 3 - Sync tip: 3817.45 kHz, Blanking (ire0): 4122.61 kHz
2025-12-15 18:27:48,761 - lddecode - DEBUG - File Frame 38: VHS 
2025-12-15 18:27:48,874 - lddecode - DEBUG - VBI serration levels 4 - Sync tip: 3819.14 kHz, Blanking (ire0): 4122.55 kHz
2025-12-15 18:27:49,129 - lddecode - DEBUG - VBI serration levels 3 - Sync tip: 3817.42 kHz, Blanking (ire0): 4123.06 kHz
2025-12-15 18:27:49,201 - lddecode - DEBUG - File Frame 39: VHS 
2025-12-15 18:27:49,368 - lddecode - DEBUG - VBI serration levels 4 - Sync tip: 3818.55 kHz, Blanking (ire0): 4122.91 kHz
2025-12-15 18:27:49,594 - lddecode - DEBUG - VBI serration levels 3 - Sync tip: 3817.24 kHz, Blanking (ire0): 4123.03 kHz
2025-12-15 18:27:49,647 - lddecode - DEBUG - File Frame 40: VHS 
2025-12-15 18:27:49,809 - lddecode - DEBUG - VBI serration levels 3 - Sync tip: 3821.05 kHz, Blanking (ire0): 4129.38 kHz
2025-12-15 18:27:50,060 - lddecode - DEBUG - VBI serration levels 4 - Sync tip: 3819.16 kHz, Blanking (ire0): 4123.95 kHz
2025-12-15 18:27:50,103 - lddecode - DEBUG - File Frame 41: VHS 
2025-12-15 18:27:50,311 - lddecode - DEBUG - VBI serration levels 4 - Sync tip: 3819.09 kHz, Blanking (ire0): 4123.53 kHz
2025-12-15 18:27:50,544 - lddecode - DEBUG - VBI serration levels 4 - Sync tip: 3819.36 kHz, Blanking (ire0): 4123.38 kHz
2025-12-15 18:27:50,589 - lddecode - DEBUG - File Frame 42: VHS 
2025-12-15 18:27:50,714 - lddecode - DEBUG - VBI serration levels 4 - Sync tip: 3819.29 kHz, Blanking (ire0): 4123.29 kHz
2025-12-15 18:27:50,951 - lddecode - DEBUG - VBI serration levels 4 - Sync tip: 3818.88 kHz, Blanking (ire0): 4123.01 kHz
2025-12-15 18:27:51,039 - lddecode - DEBUG - File Frame 43: VHS 
2025-12-15 18:27:51,212 - lddecode - DEBUG - VBI serration levels 4 - Sync tip: 3818.58 kHz, Blanking (ire0): 4122.84 kHz
2025-12-15 18:27:51,459 - lddecode - DEBUG - VBI serration levels 4 - Sync tip: 3818.46 kHz, Blanking (ire0): 4123.04 kHz
2025-12-15 18:27:51,504 - lddecode - DEBUG - File Frame 44: VHS 
2025-12-15 18:27:51,633 - lddecode - DEBUG - VBI serration levels 4 - Sync tip: 3818.61 kHz, Blanking (ire0): 4123.37 kHz
2025-12-15 18:27:51,867 - lddecode - DEBUG - VBI serration levels 4 - Sync tip: 3818.75 kHz, Blanking (ire0): 4123.57 kHz
2025-12-15 18:27:51,941 - lddecode - DEBUG - File Frame 45: VHS 
2025-12-15 18:27:52,133 - lddecode - DEBUG - VBI serration levels 4 - Sync tip: 3818.81 kHz, Blanking (ire0): 4123.33 kHz
2025-12-15 18:27:52,337 - lddecode - DEBUG - VBI serration levels 3 - Sync tip: 3817.12 kHz, Blanking (ire0): 4123.13 kHz
2025-12-15 18:27:52,402 - lddecode - DEBUG - File Frame 46: VHS 
2025-12-15 18:27:52,584 - lddecode - DEBUG - VBI serration levels 4 - Sync tip: 3818.88 kHz, Blanking (ire0): 4123.27 kHz
2025-12-15 18:27:52,743 - lddecode - DEBUG - VBI serration levels 4 - Sync tip: 3818.95 kHz, Blanking (ire0): 4122.82 kHz
2025-12-15 18:27:52,853 - lddecode - DEBUG - File Frame 47: VHS 
2025-12-15 18:27:52,957 - lddecode - DEBUG - VBI serration levels 4 - Sync tip: 3818.86 kHz, Blanking (ire0): 4122.82 kHz
2025-12-15 18:27:53,202 - lddecode - DEBUG - VBI serration levels 4 - Sync tip: 3818.98 kHz, Blanking (ire0): 4123.19 kHz
2025-12-15 18:27:53,297 - lddecode - DEBUG - File Frame 48: VHS 
2025-12-15 18:27:53,419 - lddecode - DEBUG - VBI serration levels 3 - Sync tip: 3820.94 kHz, Blanking (ire0): 4129.27 kHz
2025-12-15 18:27:53,650 - lddecode - DEBUG - VBI serration levels 4 - Sync tip: 3818.76 kHz, Blanking (ire0): 4123.02 kHz
2025-12-15 18:27:53,751 - lddecode - DEBUG - File Frame 49: VHS 
2025-12-15 18:27:53,917 - lddecode - DEBUG - VBI serration levels 3 - Sync tip: 3820.67 kHz, Blanking (ire0): 4129.32 kHz
2025-12-15 18:27:54,146 - lddecode - DEBUG - VBI serration levels 3 - Sync tip: 3817.19 kHz, Blanking (ire0): 4123.13 kHz
2025-12-15 18:27:54,219 - lddecode - DEBUG - File Frame 50: VHS 
